Archive member included to satisfy reference by file (symbol)

C:/Program Files/SEGGER/SEGGER Embedded Studio 8.24/lib/libc_v7em_fpv4_sp_d16_hard_t_le_eabi_balanced.a(sortops.o)
                              Output/Debug/Obj/flash_fstorage_s140_pca10056/nrf_cli.o (qsort)
C:/Program Files/SEGGER/SEGGER Embedded Studio 8.24/lib/libc_v7em_fpv4_sp_d16_hard_t_le_eabi_balanced.a(__SEGGER_RTL_vfprintf_long.o)
                              (__SEGGER_RTL_vfprintf_long)
C:/Program Files/SEGGER/SEGGER Embedded Studio 8.24/lib/libc_v7em_fpv4_sp_d16_hard_t_le_eabi_balanced.a(__SEGGER_RTL_vfscanf_long.o)
                              (__SEGGER_RTL_vfscanf_long)
C:/Program Files/SEGGER/SEGGER Embedded Studio 8.24/lib/libc_v7em_fpv4_sp_d16_hard_t_le_eabi_balanced.a(utilops.o)
                              C:/Program Files/SEGGER/SEGGER Embedded Studio 8.24/lib/libc_v7em_fpv4_sp_d16_hard_t_le_eabi_balanced.a(__SEGGER_RTL_vfscanf_long.o) (__SEGGER_RTL_digit)
C:/Program Files/SEGGER/SEGGER Embedded Studio 8.24/lib/libc_v7em_fpv4_sp_d16_hard_t_le_eabi_balanced.a(floatasmops_arm.o)
                              C:/Program Files/SEGGER/SEGGER Embedded Studio 8.24/lib/libc_v7em_fpv4_sp_d16_hard_t_le_eabi_balanced.a(utilops.o) (__aeabi_dmul)
C:/Program Files/SEGGER/SEGGER Embedded Studio 8.24/lib/libc_v7em_fpv4_sp_d16_hard_t_le_eabi_balanced.a(intasmops_arm.o)
                              C:/Program Files/SEGGER/SEGGER Embedded Studio 8.24/lib/libc_v7em_fpv4_sp_d16_hard_t_le_eabi_balanced.a(__SEGGER_RTL_vfprintf_long.o) (__aeabi_uldivmod)
C:/Program Files/SEGGER/SEGGER Embedded Studio 8.24/lib/libc_v7em_fpv4_sp_d16_hard_t_le_eabi_balanced.a(prinops.o)
                              C:/Program Files/SEGGER/SEGGER Embedded Studio 8.24/lib/libc_v7em_fpv4_sp_d16_hard_t_le_eabi_balanced.a(__SEGGER_RTL_vfprintf_long.o) (__SEGGER_RTL_putc)
C:/Program Files/SEGGER/SEGGER Embedded Studio 8.24/lib/libc_v7em_fpv4_sp_d16_hard_t_le_eabi_balanced.a(fileops.o)
                              C:/Program Files/SEGGER/SEGGER Embedded Studio 8.24/lib/libc_v7em_fpv4_sp_d16_hard_t_le_eabi_balanced.a(prinops.o) (fwrite)
C:/Program Files/SEGGER/SEGGER Embedded Studio 8.24/lib/libc_v7em_fpv4_sp_d16_hard_t_le_eabi_balanced.a(errno.o)
                              C:/Program Files/SEGGER/SEGGER Embedded Studio 8.24/lib/libc_v7em_fpv4_sp_d16_hard_t_le_eabi_balanced.a(fileops.o) (__aeabi_errno_addr)
C:/Program Files/SEGGER/SEGGER Embedded Studio 8.24/lib/heapops_basic_v7em_fpv4_sp_d16_hard_t_le_eabi_balanced.a(heapops_basic.o)
                              Output/Debug/Obj/flash_fstorage_s140_pca10056/thumb_crt0.o (__SEGGER_RTL_init_heap)
C:/Program Files/SEGGER/SEGGER Embedded Studio 8.24/lib/heapops_disable_interrupts_locking_v7em_fpv4_sp_d16_hard_t_le_eabi_balanced.a(heapops.o)
                              C:/Program Files/SEGGER/SEGGER Embedded Studio 8.24/lib/libc_v7em_fpv4_sp_d16_hard_t_le_eabi_balanced.a(prinops.o) (free)
C:/Program Files/SEGGER/SEGGER Embedded Studio 8.24/lib/strops_unaligned_v7em_fpv4_sp_d16_hard_t_le_eabi_balanced.a(strops.o)
                              Output/Debug/Obj/flash_fstorage_s140_pca10056/nrf_cli.o (memmove)
C:/Program Files/SEGGER/SEGGER Embedded Studio 8.24/lib/strops_unaligned_v7em_fpv4_sp_d16_hard_t_le_eabi_balanced.a(strasmops_arm.o)
                              Output/Debug/Obj/flash_fstorage_s140_pca10056/nrf_cli.o (strcmp)
C:/Program Files/SEGGER/SEGGER Embedded Studio 8.24/lib/mbops_timeops_v7em_fpv4_sp_d16_hard_t_le_eabi_balanced.a(mbops.o)
                              C:/Program Files/SEGGER/SEGGER Embedded Studio 8.24/lib/libc_v7em_fpv4_sp_d16_hard_t_le_eabi_balanced.a(prinops.o) (__SEGGER_RTL_current_locale)
C:/Program Files/SEGGER/SEGGER Embedded Studio 8.24/lib/mbops_timeops_v7em_fpv4_sp_d16_hard_t_le_eabi_balanced.a(timeops.o)
                              C:/Program Files/SEGGER/SEGGER Embedded Studio 8.24/lib/mbops_timeops_v7em_fpv4_sp_d16_hard_t_le_eabi_balanced.a(mbops.o) (__SEGGER_RTL_string_list_encode)
C:/Program Files/SEGGER/SEGGER Embedded Studio 8.24/lib/libc_v7em_fpv4_sp_d16_hard_t_le_eabi_balanced.a(execops.o)
                              C:/Program Files/SEGGER/SEGGER Embedded Studio 8.24/lib/strops_unaligned_v7em_fpv4_sp_d16_hard_t_le_eabi_balanced.a(strops.o) (__SEGGER_RTL_constraint_violation)
C:/Program Files/SEGGER/SEGGER Embedded Studio 8.24/lib/libc_v7em_fpv4_sp_d16_hard_t_le_eabi_balanced.a(execops_arm.o)
                              C:/Program Files/SEGGER/SEGGER Embedded Studio 8.24/lib/libc_v7em_fpv4_sp_d16_hard_t_le_eabi_balanced.a(execops.o) (__aeabi_SIGABRT)
C:/Program Files/SEGGER/SEGGER Embedded Studio 8.24/lib/libc_v7em_fpv4_sp_d16_hard_t_le_eabi_balanced.a(intops.o)
                              C:/Program Files/SEGGER/SEGGER Embedded Studio 8.24/lib/mbops_timeops_v7em_fpv4_sp_d16_hard_t_le_eabi_balanced.a(timeops.o) (div)
C:/Program Files/SEGGER/SEGGER Embedded Studio 8.24/lib/libc_v7em_fpv4_sp_d16_hard_t_le_eabi_balanced.a(convops.o)
[...]
Memory Configuration

Name             Origin             Length             Attributes
UNPLACED_SECTIONS 0x00000000         0x00000000         xw
RAM1             0x20000000         0x00040000         xw
FLASH1           0x00000000         0x00100000         xw
*default*        0x00000000         0xffffffff

Linker script and memory map

                0x20000000                        __RAM1_segment_start__ = 0x20000000
                0x20040000                        __RAM1_segment_end__ = 0x20040000
                0x00040000                        __RAM1_segment_size__ = 0x40000
                0x00000000                        __FLASH1_segment_start__ = 0x0
                0x00100000                        __FLASH1_segment_end__ = 0x100000
                0x00100000                        __FLASH1_segment_size__ = 0x100000
                0x00002000                        __HEAPSIZE__ = 0x2000
                0x00000000                        __SEGGER_RTL_vfprintf = __SEGGER_RTL_vfprintf_long
                0x00000000                        __SEGGER_RTL_vfscanf = __SEGGER_RTL_vfscanf_long
                0x00000000                        __STACKSIZE_PROCESS__ = 0x0
                0x00002000                        __STACKSIZE__ = 0x2000
                0x20000000                        __reserved_ram_load_start__ = 0x20000000

.reserved_ram   0x20000000     0x2260
                0x20000000                        __reserved_ram_start__ = .
 *(.reserved_ram .reserved_ram.*)
                0x20002260                        . = MAX (((__reserved_ram_start__ + 0x20002260) - 0x20000000), .)
 *fill*         0x20000000     0x2260 
                0x20002260                        __reserved_ram_end__ = (__reserved_ram_start__ + SIZEOF (.reserved_ram))
                0x00002260                        __reserved_ram_size__ = SIZEOF (.reserved_ram)
                0x20002260                        __reserved_ram_load_end__ = __reserved_ram_end__
                0x00000001                        . = ASSERT (((__reserved_ram_start__ == __reserved_ram_end__) || ((__reserved_ram_end__ - __RAM1_segment_start__) <= __RAM1_segment_size__)), error: .reserved_ram is too large to fit in RAM1 memory segment)
                0x00000001                        . = ASSERT ((__reserved_ram_size__ <= 0x2260), error: .reserved_ram section is larger than specified size)
                0x20002260                        __vectors_ram_load_start__ = 0x20002260

.vectors_ram    0x20002260        0x0
                0x20002260                        __vectors_ram_start__ = .
                0x20002260                        __app_ram_start__ = __vectors_ram_start__
 *(.vectors_ram .vectors_ram.*)
                0x20002260                        __vectors_ram_end__ = (__vectors_ram_start__ + SIZEOF (.vectors_ram))
                0x00000000                        __vectors_ram_size__ = SIZEOF (.vectors_ram)
                0x20002260                        __vectors_ram_load_end__ = __vectors_ram_end__
                0x00000001                        . = ASSERT (((__vectors_ram_start__ == __vectors_ram_end__) || ((__vectors_ram_end__ - __RAM1_segment_start__) <= __RAM1_segment_size__)), error: .vectors_ram is too large to fit in RAM1 memory segment)
                0x00000001                        . = ASSERT ((__reserved_ram_end__ <= __vectors_ram_start__), error: section .reserved_ram overlaps absolute placed section .vectors_ram)
                0x20002260                        __nrf_sections_run_load_start__ = ALIGN (__vectors_ram_end__, 0x4)

.nrf_sections_run
                0x20002260        0x0
                0x20002260                        __nrf_sections_run_start__ = .
                0x20002260                        __start_nrf_sections_run = __nrf_sections_run_start__
 *(.nrf_sections_run .nrf_sections_run.*)
                0x20002260                        __nrf_sections_run_end__ = (__nrf_sections_run_start__ + SIZEOF (.nrf_sections_run))
                0x00000000                        __nrf_sections_run_size__ = SIZEOF (.nrf_sections_run)
                0x20002260                        __nrf_sections_run_load_end__ = __nrf_sections_run_end__
                0x00000001                        . = ASSERT (((__nrf_sections_run_start__ == __nrf_sections_run_end__) || ((__nrf_sections_run_end__ - __RAM1_segment_start__) <= __RAM1_segment_size__)), error: .nrf_sections_run is too large to fit in RAM1 memory segment)
                0x00000000                        __reserved_flash_load_start__ = 0x0

.reserved_flash
                0x00000000    0x27000
                0x00000000                        __reserved_flash_start__ = .
 *(.reserved_flash .reserved_flash.*)
                0x00027000                        . = MAX (((__reserved_flash_start__ + 0x27000) - 0x0), .)
 *fill*         0x00000000    0x27000 
                0x00027000                        __reserved_flash_end__ = (__reserved_flash_start__ + SIZEOF (.reserved_flash))
                0x00027000                        __reserved_flash_size__ = SIZEOF (.reserved_flash)
                0x00027000                        __reserved_flash_load_end__ = __reserved_flash_end__
                0x00000001                        . = ASSERT (((__reserved_flash_start__ == __reserved_flash_end__) || ((__reserved_flash_end__ - __FLASH1_segment_start__) <= __FLASH1_segment_size__)), error: .reserved_flash is too large to fit in FLASH1 memory segment)
                0x00000001                        . = ASSERT ((__reserved_flash_size__ <= 0x27000), error: .reserved_flash section is larger than specified size)
                0x00027000                        __vectors_load_start__ = 0x27000

.vectors        0x00027000      0x200
                0x00027000                        __vectors_start__ = .
 *(.vectors .vectors.*)
 .vectors       0x00027000      0x200 Output/Debug/Obj/flash_fstorage_s140_pca10056/ses_startup_nrf52840.o
                0x00027000                _vectors
                0x00027200                        __vectors_end__ = (__vectors_start__ + SIZEOF (.vectors))
                0x00000200                        __vectors_size__ = SIZEOF (.vectors)
                0x00027200                        __vectors_load_end__ = __vectors_end__
                0x00000001                        . = ASSERT (((__vectors_start__ == __vectors_end__) || ((__vectors_end__ - __FLASH1_segment_start__) <= __FLASH1_segment_size__)), error: .vectors is too large to fit in FLASH1 memory segment)
                0x00000001                        . = ASSERT ((__reserved_flash_end__ <= __vectors_start__), error: section .reserved_flash overlaps absolute placed section .vectors)
                0x00027200                        __init_load_start__ = ALIGN (__vectors_end__, 0x4)

.init           0x00027200      0x1e0
                0x00027200                        __init_start__ = .
 *(.init .init.*)
 .init          0x00027200       0x18 Output/Debug/Obj/flash_fstorage_s140_pca10056/ses_startup_nrf52840.o
                0x00027200                NMI_Handler
                0x00027202                HardFault_Handler
                0x00027204                MemoryManagement_Handler
                0x00027206                BusFault_Handler
                0x00027208                UsageFault_Handler
                0x0002720a                SVC_Handler
                0x0002720c                DebugMon_Handler
                0x0002720e                PendSV_Handler
                0x00027210                SysTick_Handler
                0x00027212                PWM1_IRQHandler
                0x00027212                RTC0_IRQHandler
                0x00027212                POWER_CLOCK_IRQHandler
                0x00027212                RADIO_IRQHandler
                0x00027212                PDM_IRQHandler
                0x00027212                TEMP_IRQHandler
                0x00027212                GPIOTE_IRQHandler
                0x00027212                TIMER3_IRQHandler
                0x00027212                PWM3_IRQHandler
                0x00027212                FPU_IRQHandler
                0x00027212                USBD_IRQHandler
                0x00027212                SPIM0_SPIS0_TWIM0_TWIS0_SPI0_TWI0_IRQHandler
                0x00027212                QSPI_IRQHandler
                0x00027212                TIMER4_IRQHandler
                0x00027212                QDEC_IRQHandler
                0x00027212                I2S_IRQHandler
                0x00027212                SWI4_EGU4_IRQHandler
                0x00027212                TIMER0_IRQHandler
                0x00027212                UARTE1_IRQHandler
                0x00027212                Dummy_Handler
                0x00027212                TIMER1_IRQHandler
                0x00027212                SPIM3_IRQHandler
                0x00027212                PWM2_IRQHandler
                0x00027212                ECB_IRQHandler
                0x00027212                SPIM1_SPIS1_TWIM1_TWIS1_SPI1_TWI1_IRQHandler
                0x00027212                SAADC_IRQHandler
                0x00027212                CCM_AAR_IRQHandler
                0x00027212                WDT_IRQHandler
                0x00027212                SWI0_EGU0_IRQHandler
                0x00027212                SWI5_EGU5_IRQHandler
                0x00027212                RNG_IRQHandler
                0x00027212                RTC2_IRQHandler
                0x00027212                PWM0_IRQHandler
                0x00027212                SWI3_EGU3_IRQHandler
                0x00027212                SWI1_EGU1_IRQHandler
                0x00027212                SPIM2_SPIS2_SPI2_IRQHandler
                0x00027212                NFCT_IRQHandler
                0x00027212                CRYPTOCELL_IRQHandler
                0x00027212                MWU_IRQHandler
                0x00027212                TIMER2_IRQHandler
                0x00027212                COMP_LPCOMP_IRQHandler
                0x00027214                nRFInitialize
 .init          0x00027218       0x5c Output/Debug/Obj/flash_fstorage_s140_pca10056/ses_startup_nrf_common.o
                0x00027218                Reset_Handler
                0x0002721c                afterInitialize
                0x00027240                InitializeUserMemorySections
 .init          0x00027274      0x16c Output/Debug/Obj/flash_fstorage_s140_pca10056/thumb_crt0.o
                0x00027274                _start
                0x0002731c                exit
                0x0002731c                _Exit
                0x000273e0                        __init_end__ = (__init_start__ + SIZEOF (.init))
                0x000001e0                        __init_size__ = SIZEOF (.init)
                0x000273e0                        __init_load_end__ = __init_end__
                0x00000001                        . = ASSERT (((__init_start__ == __init_end__) || ((__init_end__ - __FLASH1_segment_start__) <= __FLASH1_segment_size__)), error: .init is too large to fit in FLASH1 memory segment)
                0x000273e0                        __init_rodata_load_start__ = ALIGN (__init_end__, 0x4)

.init_rodata    0x000273e0        0x0
                0x000273e0                        __init_rodata_start__ = .
 *(.init_rodata .init_rodata.*)
                0x000273e0                        __init_rodata_end__ = (__init_rodata_start__ + SIZEOF (.init_rodata))
                0x00000000                        __init_rodata_size__ = SIZEOF (.init_rodata)
                0x000273e0                        __init_rodata_load_end__ = __init_rodata_end__
                0x00000001                        . = ASSERT (((__init_rodata_start__ == __init_rodata_end__) || ((__init_rodata_end__ - __FLASH1_segment_start__) <= __FLASH1_segment_size__)), error: .init_rodata is too large to fit in FLASH1 memory segment)
                0x000273e0                        __text_load_start__ = ALIGN (__init_rodata_end__, 0x4)

.text           0x000273e0     0x45e4
                0x000273e0                        __text_start__ = .
 *(.text .text.* .gnu.linkonce.t.* .glue_7t .glue_7 .gcc_except_table .ARM.extab* .gnu.linkonce.armextab.*)
 .glue_7        0x000273e0        0x0 linker stubs
 .glue_7t       0x000273e0        0x0 linker stubs
 .text.fstorage_evt_handler
                0x000273e0       0x70 Output/Debug/Obj/flash_fstorage_s140_pca10056/main.o
 .text.main     0x00027450       0xc0 Output/Debug/Obj/flash_fstorage_s140_pca10056/main.o
                0x00027450                main
 .text.__NVIC_SystemReset
                0x00027510       0x28 Output/Debug/Obj/flash_fstorage_s140_pca10056/boards.o
 .text.nrf_gpio_pin_port_decode
                0x00027538       0x4c Output/Debug/Obj/flash_fstorage_s140_pca10056/boards.o
 .text.nrf_gpio_cfg
                0x00027584       0x62 Output/Debug/Obj/flash_fstorage_s140_pca10056/boards.o
 .text.nrf_gpio_cfg_output
                0x000275e6       0x22 Output/Debug/Obj/flash_fstorage_s140_pca10056/boards.o
 .text.nrf_gpio_cfg_input
                0x00027608       0x2a Output/Debug/Obj/flash_fstorage_s140_pca10056/boards.o
 .text.nrf_gpio_pin_set
                0x00027632       0x28 Output/Debug/Obj/flash_fstorage_s140_pca10056/boards.o
 .text.nrf_gpio_pin_clear
                0x0002765a       0x28 Output/Debug/Obj/flash_fstorage_s140_pca10056/boards.o
 .text.nrf_gpio_pin_write
                0x00027682       0x24 Output/Debug/Obj/flash_fstorage_s140_pca10056/boards.o
 .text.nrf_gpio_port_out_set
                0x000276a6       0x14 Output/Debug/Obj/flash_fstorage_s140_pca10056/boards.o
 .text.nrf_gpio_port_out_clear
                0x000276ba       0x14 Output/Debug/Obj/flash_fstorage_s140_pca10056/boards.o
 .text.nrf_gpio_pin_present_check
                0x000276ce       0x48 Output/Debug/Obj/flash_fstorage_s140_pca10056/boards.o
 *fill*         0x00027716        0x2 
 .text.bsp_board_led_on
                0x00027718       0x34 Output/Debug/Obj/flash_fstorage_s140_pca10056/boards.o
                0x00027718                bsp_board_led_on
 .text.bsp_board_led_off
                0x0002774c       0x34 Output/Debug/Obj/flash_fstorage_s140_pca10056/boards.o
                0x0002774c                bsp_board_led_off
 .text.bsp_board_leds_off
                0x00027780       0x26 Output/Debug/Obj/flash_fstorage_s140_pca10056/boards.o
                0x00027780                bsp_board_leds_off
 *fill*         0x000277a6        0x2 
 .text.gpio_output_voltage_setup
                0x000277a8       0x60 Output/Debug/Obj/flash_fstorage_s140_pca10056/boards.o
 .text.bsp_board_leds_init
                0x00027808       0x48 Output/Debug/Obj/flash_fstorage_s140_pca10056/boards.o
 .text.bsp_board_buttons_init
                0x00027850       0x2a Output/Debug/Obj/flash_fstorage_s140_pca10056/boards.o
 .text.bsp_board_init
                0x0002787a       0x2a Output/Debug/Obj/flash_fstorage_s140_pca10056/boards.o
                0x0002787a                bsp_board_init
 .text.__NVIC_SystemReset
                0x000278a4       0x28 Output/Debug/Obj/flash_fstorage_s140_pca10056/system_nrf52840.o
 .text.nrf52_errata_36
                0x000278cc       0x64 Output/Debug/Obj/flash_fstorage_s140_pca10056/system_nrf52840.o
 .text.nrf52_errata_66
                0x00027930       0x64 Output/Debug/Obj/flash_fstorage_s140_pca10056/system_nrf52840.o
 .text.nrf52_errata_98
                0x00027994       0x64 Output/Debug/Obj/flash_fstorage_s140_pca10056/system_nrf52840.o
 .text.nrf52_errata_103
                0x000279f8       0x64 Output/Debug/Obj/flash_fstorage_s140_pca10056/system_nrf52840.o
 .text.nrf52_errata_115
                0x00027a5c       0x64 Output/Debug/Obj/flash_fstorage_s140_pca10056/system_nrf52840.o
 .text.nrf52_errata_120
                0x00027ac0       0x64 Output/Debug/Obj/flash_fstorage_s140_pca10056/system_nrf52840.o
 .text.nrf52_errata_136
                0x00027b24       0x64 Output/Debug/Obj/flash_fstorage_s140_pca10056/system_nrf52840.o
 .text.nrf52_errata_249
                0x00027b88       0x64 Output/Debug/Obj/flash_fstorage_s140_pca10056/system_nrf52840.o
 .text.nrf52_handle_approtect
                0x00027bec       0x20 Output/Debug/Obj/flash_fstorage_s140_pca10056/system_nrf52840.o
 .text.nvmc_wait
                0x00027c0c       0x18 Output/Debug/Obj/flash_fstorage_s140_pca10056/system_nrf52840.o
                0x00027c0c                nvmc_wait
 .text.nvmc_config
                0x00027c24       0x20 Output/Debug/Obj/flash_fstorage_s140_pca10056/system_nrf52840.o
                0x00027c24                nvmc_config
 .text.SystemCoreClockUpdate
                0x00027c44       0x14 Output/Debug/Obj/flash_fstorage_s140_pca10056/system_nrf52840.o
                0x00027c44                SystemCoreClockUpdate
 .text.SystemInit
                0x00027c58      0x228 Output/Debug/Obj/flash_fstorage_s140_pca10056/system_nrf52840.o
                0x00027c58                SystemInit
 .text.UARTE0_UART0_IRQHandler
                0x00027e80       0x24 Output/Debug/Obj/flash_fstorage_s140_pca10056/nrfx_prs.o
                0x00027e80                UARTE0_UART0_IRQHandler
 .text.app_error_save_and_stop
                0x00027ea4       0x98 Output/Debug/Obj/flash_fstorage_s140_pca10056/app_error.o
                0x00027ea4                app_error_save_and_stop
 .text.app_error_handler
                0x00027f3c       0x1c Output/Debug/Obj/flash_fstorage_s140_pca10056/app_error_handler_gcc.o
                0x00027f3c                app_error_handler
 .text.app_error_fault_handler
                0x00027f58       0x84 Output/Debug/Obj/flash_fstorage_s140_pca10056/app_error_weak.o
                0x00027f58                app_error_fault_handler
 .text.__sd_nvic_irq_disable
                0x00027fdc       0x18 Output/Debug/Obj/flash_fstorage_s140_pca10056/app_util_platform.o
 .text.__sd_nvic_irq_enable
                0x00027ff4        0x8 Output/Debug/Obj/flash_fstorage_s140_pca10056/app_util_platform.o
 .text.sd_nvic_critical_region_enter
                0x00027ffc       0x74 Output/Debug/Obj/flash_fstorage_s140_pca10056/app_util_platform.o
 .text.sd_nvic_critical_region_exit
                0x00028070       0x54 Output/Debug/Obj/flash_fstorage_s140_pca10056/app_util_platform.o
 .text.app_util_critical_region_enter
                0x000280c4       0x2c Output/Debug/Obj/flash_fstorage_s140_pca10056/app_util_platform.o
                0x000280c4                app_util_critical_region_enter
 .text.app_util_critical_region_exit
                0x000280f0       0x34 Output/Debug/Obj/flash_fstorage_s140_pca10056/app_util_platform.o
                0x000280f0                app_util_critical_region_exit
 .text.privilege_level_get
                0x00028124       0x3a Output/Debug/Obj/flash_fstorage_s140_pca10056/app_util_platform.o
                0x00028124                privilege_level_get
 *fill*         0x0002815e        0x2 
 .text.RTC1_IRQHandler
                0x00028160       0x1c Output/Debug/Obj/flash_fstorage_s140_pca10056/drv_rtc.o
                0x00028160                RTC1_IRQHandler
 .text.assert_nrf_callback
                0x0002817c       0x2c Output/Debug/Obj/flash_fstorage_s140_pca10056/nrf_assert.o
                0x0002817c                assert_nrf_callback
 .text.nrf_atfifo_wspace_req
                0x000281a8       0x54 Output/Debug/Obj/flash_fstorage_s140_pca10056/nrf_atfifo.o
 .text.nrf_atfifo_wspace_close
                0x000281fc       0x20 Output/Debug/Obj/flash_fstorage_s140_pca10056/nrf_atfifo.o
 .text.nrf_atfifo_rspace_req
                0x0002821c       0x56 Output/Debug/Obj/flash_fstorage_s140_pca10056/nrf_atfifo.o
 .text.nrf_atfifo_rspace_close
                0x00028272       0x20 Output/Debug/Obj/flash_fstorage_s140_pca10056/nrf_atfifo.o
 .text.nrf_atfifo_space_clear
                0x00028292       0x48 Output/Debug/Obj/flash_fstorage_s140_pca10056/nrf_atfifo.o
 .text.nrf_atfifo_init
                0x000282da       0x66 Output/Debug/Obj/flash_fstorage_s140_pca10056/nrf_atfifo.o
                0x000282da                nrf_atfifo_init
 .text.nrf_atfifo_clear
                0x00028340       0x28 Output/Debug/Obj/flash_fstorage_s140_pca10056/nrf_atfifo.o
                0x00028340                nrf_atfifo_clear
 .text.nrf_atfifo_item_alloc
                0x00028368       0x32 Output/Debug/Obj/flash_fstorage_s140_pca10056/nrf_atfifo.o
                0x00028368                nrf_atfifo_item_alloc
 .text.nrf_atfifo_item_put
                0x0002839a       0x28 Output/Debug/Obj/flash_fstorage_s140_pca10056/nrf_atfifo.o
                0x0002839a                nrf_atfifo_item_put
 .text.nrf_atfifo_item_get
                0x000283c2       0x32 Output/Debug/Obj/flash_fstorage_s140_pca10056/nrf_atfifo.o
                0x000283c2                nrf_atfifo_item_get
 .text.nrf_atfifo_item_free
                0x000283f4       0x28 Output/Debug/Obj/flash_fstorage_s140_pca10056/nrf_atfifo.o
                0x000283f4                nrf_atfifo_item_free
 .text.nrf_atomic_u32_fetch_or
                0x0002841c       0x30 Output/Debug/Obj/flash_fstorage_s140_pca10056/nrf_atomic.o
                0x0002841c                nrf_atomic_u32_fetch_or
 .text.nrf_atomic_flag_set_fetch
                0x0002844c       0x18 Output/Debug/Obj/flash_fstorage_s140_pca10056/nrf_atomic.o
                0x0002844c                nrf_atomic_flag_set_fetch
 .text.nrf_balloc_max_utilization_get
                0x00028464       0x28 Output/Debug/Obj/flash_fstorage_s140_pca10056/nrf_balloc.o
 .text.nrf_balloc_utilization_get
                0x0002848c       0x30 Output/Debug/Obj/flash_fstorage_s140_pca10056/nrf_balloc.o
 .text.nrf_cli_help_requested
                0x000284bc       0x22 Output/Debug/Obj/flash_fstorage_s140_pca10056/nrf_balloc.o
 *fill*         0x000284de        0x2 
 .text.nrf_balloc_status
                0x000284e0      0x100 Output/Debug/Obj/flash_fstorage_s140_pca10056/nrf_balloc.o
 .text.nrf_cli_help_requested
                0x000285e0       0x22 Output/Debug/Obj/flash_fstorage_s140_pca10056/nrf_cli.o
 *fill*         0x00028602        0x2 
 .text.nrfx_coredep_delay_us
                0x00028604       0x30 Output/Debug/Obj/flash_fstorage_s140_pca10056/nrf_cli.o
 .text.transport_buffer_flush
                0x00028634       0x18 Output/Debug/Obj/flash_fstorage_s140_pca10056/nrf_cli.o
 .text.cli_flag_echo_set
                0x0002864c       0x1a Output/Debug/Obj/flash_fstorage_s140_pca10056/nrf_cli.o
 .text.cli_flag_echo_clear
                0x00028666       0x1a Output/Debug/Obj/flash_fstorage_s140_pca10056/nrf_cli.o
 .text.cli_flag_echo_is_set
                0x00028680       0x18 Output/Debug/Obj/flash_fstorage_s140_pca10056/nrf_cli.o
 .text.cli_strlen
                0x00028698       0x20 Output/Debug/Obj/flash_fstorage_s140_pca10056/nrf_cli.o
 .text.cli_write
                0x000286b8       0xd4 Output/Debug/Obj/flash_fstorage_s140_pca10056/nrf_cli.o
 .text.cli_putc
                0x0002878c       0x28 Output/Debug/Obj/flash_fstorage_s140_pca10056/nrf_cli.o
 .text.cli_read
                0x000287b4       0x54 Output/Debug/Obj/flash_fstorage_s140_pca10056/nrf_cli.o
 .text.cmd_get  0x00028808      0x110 Output/Debug/Obj/flash_fstorage_s140_pca10056/nrf_cli.o
 .text.cursor_next_line_move
                0x00028918       0x20 Output/Debug/Obj/flash_fstorage_s140_pca10056/nrf_cli.o
 .text.cursor_left_move
                0x00028938       0x30 Output/Debug/Obj/flash_fstorage_s140_pca10056/nrf_cli.o
 .text.cursor_right_move
                0x00028968       0x30 Output/Debug/Obj/flash_fstorage_s140_pca10056/nrf_cli.o
 .text.cursor_up_move
                0x00028998       0x30 Output/Debug/Obj/flash_fstorage_s140_pca10056/nrf_cli.o
 .text.cursor_down_move
                0x000289c8       0x30 Output/Debug/Obj/flash_fstorage_s140_pca10056/nrf_cli.o
 .text.cursor_position_get
                0x000289f8      0x210 Output/Debug/Obj/flash_fstorage_s140_pca10056/nrf_cli.o
 .text.terminal_size_get
                0x00028c08       0xc0 Output/Debug/Obj/flash_fstorage_s140_pca10056/nrf_cli.o
 .text.vt100_color_set
                0x00028cc8       0x9c Output/Debug/Obj/flash_fstorage_s140_pca10056/nrf_cli.o
 .text.vt100_bgcolor_set
                0x00028d64       0x74 Output/Debug/Obj/flash_fstorage_s140_pca10056/nrf_cli.o
 .text.vt100_colors_store
                0x00028dd8       0x1a Output/Debug/Obj/flash_fstorage_s140_pca10056/nrf_cli.o
 .text.vt100_colors_restore
                0x00028df2       0x28 Output/Debug/Obj/flash_fstorage_s140_pca10056/nrf_cli.o
 *fill*         0x00028e1a        0x2 
 .text.nrf_cli_fprintf
                0x00028e1c       0xc8 Output/Debug/Obj/flash_fstorage_s140_pca10056/nrf_cli.o
                0x00028e1c                nrf_cli_fprintf
 .text.format_offset_string_print
                0x00028ee4      0x18e Output/Debug/Obj/flash_fstorage_s140_pca10056/nrf_cli.o
 *fill*         0x00029072        0x2 
 .text.nrf_cli_help_print
                0x00029074      0x4b4 Output/Debug/Obj/flash_fstorage_s140_pca10056/nrf_cli.o
                0x00029074                nrf_cli_help_print
 .text.nrf_cli_build_in_cmd_common_executed
                0x00029528       0x54 Output/Debug/Obj/flash_fstorage_s140_pca10056/nrf_cli.o
 .text.nrf_cli_cmd_clear
                0x0002957c       0xd0 Output/Debug/Obj/flash_fstorage_s140_pca10056/nrf_cli.o
 .text.nrf_cli_cmd_cli
                0x0002964c       0x78 Output/Debug/Obj/flash_fstorage_s140_pca10056/nrf_cli.o
 .text.nrf_cli_cmd_colors_off
                0x000296c4       0x40 Output/Debug/Obj/flash_fstorage_s140_pca10056/nrf_cli.o
 .text.nrf_cli_cmd_colors_on
                0x00029704       0x40 Output/Debug/Obj/flash_fstorage_s140_pca10056/nrf_cli.o
 .text.nrf_cli_cmd_colors
                0x00029744       0x9c Output/Debug/Obj/flash_fstorage_s140_pca10056/nrf_cli.o
 .text.nrf_cli_cmd_echo
                0x000297e0       0x84 Output/Debug/Obj/flash_fstorage_s140_pca10056/nrf_cli.o
 .text.nrf_cli_cmd_echo_off
                0x00029864       0x36 Output/Debug/Obj/flash_fstorage_s140_pca10056/nrf_cli.o
 .text.nrf_cli_cmd_echo_on
                0x0002989a       0x36 Output/Debug/Obj/flash_fstorage_s140_pca10056/nrf_cli.o
 .text.nrf_cli_cmd_history
                0x000298d0       0xd0 Output/Debug/Obj/flash_fstorage_s140_pca10056/nrf_cli.o
 .text.nrf_cli_cmd_cli_stats
                0x000299a0       0x64 Output/Debug/Obj/flash_fstorage_s140_pca10056/nrf_cli.o
                0x000299a0                nrf_cli_cmd_cli_stats
 .text.nrf_cli_cmd_cli_stats_show
                0x00029a04       0x88 Output/Debug/Obj/flash_fstorage_s140_pca10056/nrf_cli.o
                0x00029a04                nrf_cli_cmd_cli_stats_show
 .text.nrf_cli_cmd_cli_stats_reset
                0x00029a8c       0x48 Output/Debug/Obj/flash_fstorage_s140_pca10056/nrf_cli.o
                0x00029a8c                nrf_cli_cmd_cli_stats_reset
 .text.nrf_cli_cmd_resize_default
                0x00029ad4       0x7c Output/Debug/Obj/flash_fstorage_s140_pca10056/nrf_cli.o
 .text.nrf_cli_cmd_resize
                0x00029b50       0xd0 Output/Debug/Obj/flash_fstorage_s140_pca10056/nrf_cli.o
 .text.nrf_fprintf_buffer_flush
                0x00029c20       0x44 Output/Debug/Obj/flash_fstorage_s140_pca10056/nrf_fprintf.o
                0x00029c20                nrf_fprintf_buffer_flush
 .text.nrf_fprintf
                0x00029c64       0x74 Output/Debug/Obj/flash_fstorage_s140_pca10056/nrf_fprintf.o
                0x00029c64                nrf_fprintf
 .text.buffer_add
                0x00029cd8       0x4c Output/Debug/Obj/flash_fstorage_s140_pca10056/nrf_fprintf_format.o
 .text.string_print
                0x00029d24       0xc2 Output/Debug/Obj/flash_fstorage_s140_pca10056/nrf_fprintf_format.o
 *fill*         0x00029de6        0x2 
 .text.unsigned_print
                0x00029de8      0x130 Output/Debug/Obj/flash_fstorage_s140_pca10056/nrf_fprintf_format.o
 .text.int_print
                0x00029f18      0x11c Output/Debug/Obj/flash_fstorage_s140_pca10056/nrf_fprintf_format.o
 .text.nrf_fprintf_fmt
                0x0002a034      0x388 Output/Debug/Obj/flash_fstorage_s140_pca10056/nrf_fprintf_format.o
                0x0002a034                nrf_fprintf_fmt
 .text.nrf_fstorage_init
                0x0002a3bc       0x3a Output/Debug/Obj/flash_fstorage_s140_pca10056/nrf_fstorage.o
                0x0002a3bc                nrf_fstorage_init
 .text.nrf_fstorage_write
                0x0002a3f6       0xa2 Output/Debug/Obj/flash_fstorage_s140_pca10056/nrf_fstorage.o
                0x0002a3f6                nrf_fstorage_write
 .text.nrf_fstorage_erase
                0x0002a498       0x76 Output/Debug/Obj/flash_fstorage_s140_pca10056/nrf_fstorage.o
                0x0002a498                nrf_fstorage_erase
 .text.addr_is_within_bounds
                0x0002a50e       0x34 Output/Debug/Obj/flash_fstorage_s140_pca10056/nrf_fstorage.o
 .text.addr_is_aligned32
                0x0002a542       0x1a Output/Debug/Obj/flash_fstorage_s140_pca10056/nrf_fstorage.o
 .text.addr_is_page_aligned
                0x0002a55c       0x22 Output/Debug/Obj/flash_fstorage_s140_pca10056/nrf_fstorage.o
 .text.sd_flash_write
                0x0002a57e        0x8 Output/Debug/Obj/flash_fstorage_s140_pca10056/nrf_fstorage_sd.o
 .text.sd_flash_page_erase
                0x0002a586        0x8 Output/Debug/Obj/flash_fstorage_s140_pca10056/nrf_fstorage_sd.o
 .text.event_send
                0x0002a58e       0x86 Output/Debug/Obj/flash_fstorage_s140_pca10056/nrf_fstorage_sd.o
 .text.write_execute
                0x0002a614       0x5a Output/Debug/Obj/flash_fstorage_s140_pca10056/nrf_fstorage_sd.o
 .text.erase_execute
                0x0002a66e       0x20 Output/Debug/Obj/flash_fstorage_s140_pca10056/nrf_fstorage_sd.o
 *fill*         0x0002a68e        0x2 
 .text.queue_free
                0x0002a690       0x18 Output/Debug/Obj/flash_fstorage_s140_pca10056/nrf_fstorage_sd.o
 .text.queue_load_next
                0x0002a6a8       0x30 Output/Debug/Obj/flash_fstorage_s140_pca10056/nrf_fstorage_sd.o
 .text.queue_process
                0x0002a6d8       0xb8 Output/Debug/Obj/flash_fstorage_s140_pca10056/nrf_fstorage_sd.o
 .text.queue_start
                0x0002a790       0x2c Output/Debug/Obj/flash_fstorage_s140_pca10056/nrf_fstorage_sd.o
 .text.on_operation_success
                0x0002a7bc       0x78 Output/Debug/Obj/flash_fstorage_s140_pca10056/nrf_fstorage_sd.o
 .text.on_operation_failure
                0x0002a834       0x2c Output/Debug/Obj/flash_fstorage_s140_pca10056/nrf_fstorage_sd.o
 .text.init     0x0002a860       0x4c Output/Debug/Obj/flash_fstorage_s140_pca10056/nrf_fstorage_sd.o
 .text.uninit   0x0002a8ac       0x2c Output/Debug/Obj/flash_fstorage_s140_pca10056/nrf_fstorage_sd.o
 .text.write    0x0002a8d8       0x70 Output/Debug/Obj/flash_fstorage_s140_pca10056/nrf_fstorage_sd.o
 .text.read     0x0002a948       0x22 Output/Debug/Obj/flash_fstorage_s140_pca10056/nrf_fstorage_sd.o
 *fill*         0x0002a96a        0x2 
 .text.erase    0x0002a96c       0x74 Output/Debug/Obj/flash_fstorage_s140_pca10056/nrf_fstorage_sd.o
 .text.rmap     0x0002a9e0        0xe Output/Debug/Obj/flash_fstorage_s140_pca10056/nrf_fstorage_sd.o
 .text.wmap     0x0002a9ee        0xe Output/Debug/Obj/flash_fstorage_s140_pca10056/nrf_fstorage_sd.o
 .text.is_busy  0x0002a9fc       0x1c Output/Debug/Obj/flash_fstorage_s140_pca10056/nrf_fstorage_sd.o
 .text.nrf_fstorage_sys_evt_handler
                0x0002aa18       0xbc Output/Debug/Obj/flash_fstorage_s140_pca10056/nrf_fstorage_sd.o
                0x0002aa18                nrf_fstorage_sys_evt_handler
 .text.nrf_fstorage_sdh_req_handler
                0x0002aad4       0x28 Output/Debug/Obj/flash_fstorage_s140_pca10056/nrf_fstorage_sd.o
                0x0002aad4                nrf_fstorage_sdh_req_handler
 .text.nrf_fstorage_sdh_state_handler
                0x0002aafc       0x44 Output/Debug/Obj/flash_fstorage_s140_pca10056/nrf_fstorage_sd.o
                0x0002aafc                nrf_fstorage_sdh_state_handler
 .text.memobj_op
                0x0002ab40      0x124 Output/Debug/Obj/flash_fstorage_s140_pca10056/nrf_memobj.o
 .text.nrf_memobj_read
                0x0002ac64       0x40 Output/Debug/Obj/flash_fstorage_s140_pca10056/nrf_memobj.o
                0x0002ac64                nrf_memobj_read
 .text.nrf_cli_help_requested
                0x0002aca4       0x22 Output/Debug/Obj/flash_fstorage_s140_pca10056/nrf_queue.o
 *fill*         0x0002acc6        0x2 
 .text.nrf_queue_status
                0x0002acc8      0x100 Output/Debug/Obj/flash_fstorage_s140_pca10056/nrf_queue.o
 .text.circullar_buffer_size_get
                0x0002adc8       0x18 Output/Debug/Obj/flash_fstorage_s140_pca10056/nrf_queue.o
 .text.queue_utilization_get
                0x0002ade0       0x3e Output/Debug/Obj/flash_fstorage_s140_pca10056/nrf_queue.o
 *fill*         0x0002ae1e        0x2 
 .text.nrf_queue_utilization_get
                0x0002ae20       0x48 Output/Debug/Obj/flash_fstorage_s140_pca10056/nrf_queue.o
                0x0002ae20                nrf_queue_utilization_get
 .text.nrf_queue_max_utilization_get
                0x0002ae68       0x28 Output/Debug/Obj/flash_fstorage_s140_pca10056/nrf_queue.o
                0x0002ae68                nrf_queue_max_utilization_get
 .text.nrf_queue_max_utilization_reset
                0x0002ae90       0x2c Output/Debug/Obj/flash_fstorage_s140_pca10056/nrf_queue.o
                0x0002ae90                nrf_queue_max_utilization_reset
 .text.nrf_section_iter_init
                0x0002aebc       0x54 Output/Debug/Obj/flash_fstorage_s140_pca10056/nrf_section_iter.o
                0x0002aebc                nrf_section_iter_init
 .text.nrf_section_iter_next
                0x0002af10       0x64 Output/Debug/Obj/flash_fstorage_s140_pca10056/nrf_section_iter.o
                0x0002af10                nrf_section_iter_next
 .text.__NVIC_EnableIRQ
                0x0002af74       0x34 Output/Debug/Obj/flash_fstorage_s140_pca10056/nrf_sdh.o
 .text.__NVIC_DisableIRQ
                0x0002afa8       0x44 Output/Debug/Obj/flash_fstorage_s140_pca10056/nrf_sdh.o
 .text.__NVIC_GetPriority
                0x0002afec       0x48 Output/Debug/Obj/flash_fstorage_s140_pca10056/nrf_sdh.o
 .text.nrf_section_iter_get
                0x0002b034       0x24 Output/Debug/Obj/flash_fstorage_s140_pca10056/nrf_sdh.o
 .text.sd_softdevice_enable
                0x0002b058        0x8 Output/Debug/Obj/flash_fstorage_s140_pca10056/nrf_sdh.o
 .text.sd_softdevice_disable
                0x0002b060        0x8 Output/Debug/Obj/flash_fstorage_s140_pca10056/nrf_sdh.o
 .text.__sd_nvic_app_accessible_irq
                0x0002b068       0x4c Output/Debug/Obj/flash_fstorage_s140_pca10056/nrf_sdh.o
 .text.__sd_nvic_is_app_accessible_priority
                0x0002b0b4       0x26 Output/Debug/Obj/flash_fstorage_s140_pca10056/nrf_sdh.o
 *fill*         0x0002b0da        0x2 
 .text.sd_nvic_EnableIRQ
                0x0002b0dc       0x8c Output/Debug/Obj/flash_fstorage_s140_pca10056/nrf_sdh.o
 .text.sd_nvic_DisableIRQ
                0x0002b168       0x6c Output/Debug/Obj/flash_fstorage_s140_pca10056/nrf_sdh.o
 .text.sdh_request_observer_notify
                0x0002b1d4       0x64 Output/Debug/Obj/flash_fstorage_s140_pca10056/nrf_sdh.o
 .text.sdh_state_observer_notify
                0x0002b238       0x58 Output/Debug/Obj/flash_fstorage_s140_pca10056/nrf_sdh.o
 .text.softdevices_evt_irq_enable
                0x0002b290       0x2c Output/Debug/Obj/flash_fstorage_s140_pca10056/nrf_sdh.o
 .text.softdevice_evt_irq_disable
                0x0002b2bc       0x2c Output/Debug/Obj/flash_fstorage_s140_pca10056/nrf_sdh.o
 .text.nrf_sdh_enable_request
                0x0002b2e8       0xa8 Output/Debug/Obj/flash_fstorage_s140_pca10056/nrf_sdh.o
                0x0002b2e8                nrf_sdh_enable_request
 .text.nrf_sdh_disable_request
                0x0002b390       0x84 Output/Debug/Obj/flash_fstorage_s140_pca10056/nrf_sdh.o
                0x0002b390                nrf_sdh_disable_request
 .text.nrf_sdh_request_continue
                0x0002b414       0x38 Output/Debug/Obj/flash_fstorage_s140_pca10056/nrf_sdh.o
                0x0002b414                nrf_sdh_request_continue
 .text.nrf_sdh_is_enabled
                0x0002b44c        0xc Output/Debug/Obj/flash_fstorage_s140_pca10056/nrf_sdh.o
                0x0002b44c                nrf_sdh_is_enabled
 .text.nrf_sdh_evts_poll
                0x0002b458       0x50 Output/Debug/Obj/flash_fstorage_s140_pca10056/nrf_sdh.o
                0x0002b458                nrf_sdh_evts_poll
 .text.SWI2_EGU2_IRQHandler
                0x0002b4a8        0xa Output/Debug/Obj/flash_fstorage_s140_pca10056/nrf_sdh.o
                0x0002b4a8                SWI2_EGU2_IRQHandler
 .text.sd_ble_enable
                0x0002b4b2        0x8 Output/Debug/Obj/flash_fstorage_s140_pca10056/nrf_sdh_ble.o
 .text.sd_ble_cfg_set
                0x0002b4ba        0x8 Output/Debug/Obj/flash_fstorage_s140_pca10056/nrf_sdh_ble.o
 .text.sd_ble_evt_get
                0x0002b4c2        0x8 Output/Debug/Obj/flash_fstorage_s140_pca10056/nrf_sdh_ble.o
 *fill*         0x0002b4ca        0x2 
 .text.nrf_section_iter_get
                0x0002b4cc       0x24 Output/Debug/Obj/flash_fstorage_s140_pca10056/nrf_sdh_ble.o
 .text.nrf_sdh_ble_app_ram_start_get
                0x0002b4f0       0x24 Output/Debug/Obj/flash_fstorage_s140_pca10056/nrf_sdh_ble.o
                0x0002b4f0                nrf_sdh_ble_app_ram_start_get
 .text.nrf_sdh_ble_default_cfg_set
                0x0002b514       0xf2 Output/Debug/Obj/flash_fstorage_s140_pca10056/nrf_sdh_ble.o
                0x0002b514                nrf_sdh_ble_default_cfg_set
 *fill*         0x0002b606        0x2 
 .text.nrf_sdh_ble_enable
                0x0002b608       0x38 Output/Debug/Obj/flash_fstorage_s140_pca10056/nrf_sdh_ble.o
                0x0002b608                nrf_sdh_ble_enable
 .text.nrf_sdh_ble_evts_poll
                0x0002b640       0xa0 Output/Debug/Obj/flash_fstorage_s140_pca10056/nrf_sdh_ble.o
 .text.nrf_section_iter_get
                0x0002b6e0       0x24 Output/Debug/Obj/flash_fstorage_s140_pca10056/nrf_sdh_soc.o
 .text.sd_evt_get
                0x0002b704        0x8 Output/Debug/Obj/flash_fstorage_s140_pca10056/nrf_sdh_soc.o
 .text.nrf_sdh_soc_evts_poll
                0x0002b70c       0x78 Output/Debug/Obj/flash_fstorage_s140_pca10056/nrf_sdh_soc.o
 .text.libc.__SEGGER_RTL_init_heap
                0x0002b784       0x16 C:/Program Files/SEGGER/SEGGER Embedded Studio 8.24/lib/heapops_basic_v7em_fpv4_sp_d16_hard_t_le_eabi_balanced.a(heapops_basic.o)
                0x0002b784                __SEGGER_RTL_init_heap
 .text.libc.strlen
                0x0002b79a       0x2a C:/Program Files/SEGGER/SEGGER Embedded Studio 8.24/lib/strops_unaligned_v7em_fpv4_sp_d16_hard_t_le_eabi_balanced.a(strops.o)
                0x0002b79a                strlen
 .text.libc.strcmp
                0x0002b7c4       0x68 C:/Program Files/SEGGER/SEGGER Embedded Studio 8.24/lib/strops_unaligned_v7em_fpv4_sp_d16_hard_t_le_eabi_balanced.a(strasmops_arm.o)
                0x0002b7c4                strcmp
 .text.libc.memcpy
                0x0002b82c       0x5c C:/Program Files/SEGGER/SEGGER Embedded Studio 8.24/lib/strops_unaligned_v7em_fpv4_sp_d16_hard_t_le_eabi_balanced.a(strasmops_arm.o)
                0x0002b82c                __aeabi_memcpy
                0x0002b82c                memcpy
                0x0002b84a                __aeabi_memcpy8
                0x0002b84a                __aeabi_memcpy4
 .text.libc.__aeabi_memclr
                0x0002b888       0x68 C:/Program Files/SEGGER/SEGGER Embedded Studio 8.24/lib/strops_unaligned_v7em_fpv4_sp_d16_hard_t_le_eabi_balanced.a(strasmops_arm.o)
                0x0002b888                __aeabi_memclr8
                0x0002b888                __aeabi_memclr
                0x0002b888                __aeabi_memclr4
                0x0002b88a                __aeabi_memset4
                0x0002b88a                __aeabi_memset8
                0x0002b88a                __aeabi_memset
                0x0002b890                memset
 .text.libc.__SEGGER_RTL_ascii_mbtowc
                0x0002b8f0       0x32 C:/Program Files/SEGGER/SEGGER Embedded Studio 8.24/lib/mbops_timeops_v7em_fpv4_sp_d16_hard_t_le_eabi_balanced.a(mbops.o)
                0x0002b8f0                __SEGGER_RTL_ascii_mbtowc
 .text.libc.__SEGGER_RTL_ascii_wctomb
                0x0002b922        0xe C:/Program Files/SEGGER/SEGGER Embedded Studio 8.24/lib/mbops_timeops_v7em_fpv4_sp_d16_hard_t_le_eabi_balanced.a(mbops.o)
                0x0002b922                __SEGGER_RTL_ascii_wctomb
 .text.libc.isspace
                0x0002b930       0x20 C:/Program Files/SEGGER/SEGGER Embedded Studio 8.24/lib/mbops_timeops_v7em_fpv4_sp_d16_hard_t_le_eabi_balanced.a(mbops.o)
                0x0002b930                isspace
 .text.libc.__SEGGER_RTL_ascii_isctype
                0x0002b950       0x20 C:/Program Files/SEGGER/SEGGER Embedded Studio 8.24/lib/mbops_timeops_v7em_fpv4_sp_d16_hard_t_le_eabi_balanced.a(mbops.o)
 .text.libc.__SEGGER_RTL_ascii_toupper
                0x0002b970        0xc C:/Program Files/SEGGER/SEGGER Embedded Studio 8.24/lib/mbops_timeops_v7em_fpv4_sp_d16_hard_t_le_eabi_balanced.a(mbops.o)
 .text.libc.__SEGGER_RTL_ascii_tolower
                0x0002b97c        0xe C:/Program Files/SEGGER/SEGGER Embedded Studio 8.24/lib/mbops_timeops_v7em_fpv4_sp_d16_hard_t_le_eabi_balanced.a(mbops.o)
 .text.libc.__SEGGER_RTL_ascii_iswctype
                0x0002b98a       0x20 C:/Program Files/SEGGER/SEGGER Embedded Studio 8.24/lib/mbops_timeops_v7em_fpv4_sp_d16_hard_t_le_eabi_balanced.a(mbops.o)
 .text.libc.__SEGGER_RTL_ascii_towupper
                0x0002b9aa        0xc C:/Program Files/SEGGER/SEGGER Embedded Studio 8.24/lib/mbops_timeops_v7em_fpv4_sp_d16_hard_t_le_eabi_balanced.a(mbops.o)
 .text.libc.__SEGGER_RTL_ascii_towlower
                0x0002b9b6        0xe C:/Program Files/SEGGER/SEGGER Embedded Studio 8.24/lib/mbops_timeops_v7em_fpv4_sp_d16_hard_t_le_eabi_balanced.a(mbops.o)
                0x0002b9c4                        __text_end__ = (__text_start__ + SIZEOF (.text))
                0x000045e4                        __text_size__ = SIZEOF (.text)
                0x0002b9c4                        __text_load_end__ = __text_end__

.vfp11_veneer   0x00000000        0x0
 .vfp11_veneer  0x00000000        0x0 linker stubs

.v4_bx          0x00000000        0x0
 .v4_bx         0x00000000        0x0 linker stubs

.iplt           0x00000000        0x0
 .iplt          0x00000000        0x0 Output/Debug/Obj/flash_fstorage_s140_pca10056/main.o
                0x00000001                        . = ASSERT (((__text_start__ == __text_end__) || ((__text_end__ - __FLASH1_segment_start__) <= __FLASH1_segment_size__)), error: .text is too large to fit in FLASH1 memory segment)
                0x0002b9c4                        __sdh_ble_observers_load_start__ = ALIGN (__text_end__, 0x4)

.sdh_ble_observers
                0x0002b9c4        0x0
                0x0002b9c4                        __sdh_ble_observers_start__ = .
                0x0002b9c4                        __start_sdh_ble_observers = __sdh_ble_observers_start__
 *(SORT_BY_NAME(.sdh_ble_observers*))
                0x0002b9c4                        __sdh_ble_observers_end__ = (__sdh_ble_observers_start__ + SIZEOF (.sdh_ble_observers))
                0x00000000                        __sdh_ble_observers_size__ = SIZEOF (.sdh_ble_observers)
                0x0002b9c4                        __stop_sdh_ble_observers = __sdh_ble_observers_end__
                0x0002b9c4                        __sdh_ble_observers_load_end__ = __sdh_ble_observers_end__
                0x00000001                        . = ASSERT (((__sdh_ble_observers_start__ == __sdh_ble_observers_end__) || ((__sdh_ble_observers_end__ - __FLASH1_segment_start__) <= __FLASH1_segment_size__)), error: .sdh_ble_observers is too large to fit in FLASH1 memory segment)
                0x0002b9c4                        __cli_command_load_start__ = ALIGN (__sdh_ble_observers_end__, 0x4)

.cli_command    0x0002b9c4       0x30
                0x0002b9c4                        __cli_command_start__ = .
                0x0002b9c4                        __start_cli_command = __cli_command_start__
 *(.cli_command*)
 .cli_command   0x0002b9c4        0x8 Output/Debug/Obj/flash_fstorage_s140_pca10056/nrf_balloc.o
                0x0002b9c4                nrf_cli_balloc_const
 .cli_command   0x0002b9cc       0x20 Output/Debug/Obj/flash_fstorage_s140_pca10056/nrf_cli.o
                0x0002b9cc                nrf_cli_clear_const
                0x0002b9d4                nrf_cli_cli_const
                0x0002b9dc                nrf_cli_history_const
                0x0002b9e4                nrf_cli_resize_const
 .cli_command   0x0002b9ec        0x8 Output/Debug/Obj/flash_fstorage_s140_pca10056/nrf_queue.o
                0x0002b9ec                nrf_cli_queue_const
                0x0002b9f4                        __cli_command_end__ = (__cli_command_start__ + SIZEOF (.cli_command))
                0x00000030                        __cli_command_size__ = SIZEOF (.cli_command)
                0x0002b9f4                        __stop_cli_command = __cli_command_end__
                0x0002b9f4                        __cli_command_load_end__ = __cli_command_end__
                0x00000001                        . = ASSERT (((__cli_command_start__ == __cli_command_end__) || ((__cli_command_end__ - __FLASH1_segment_start__) <= __FLASH1_segment_size__)), error: .cli_command is too large to fit in FLASH1 memory segment)
                0x0002b9f4                        __pwr_mgmt_data_load_start__ = ALIGN (__cli_command_end__, 0x4)

.pwr_mgmt_data  0x0002b9f4        0x0
                0x0002b9f4                        __pwr_mgmt_data_start__ = .
                0x0002b9f4                        __start_pwr_mgmt_data = __pwr_mgmt_data_start__
 *(SORT_BY_NAME(.pwr_mgmt_data*))
                0x0002b9f4                        __pwr_mgmt_data_end__ = (__pwr_mgmt_data_start__ + SIZEOF (.pwr_mgmt_data))
                0x00000000                        __pwr_mgmt_data_size__ = SIZEOF (.pwr_mgmt_data)
                0x0002b9f4                        __stop_pwr_mgmt_data = __pwr_mgmt_data_end__
                0x0002b9f4                        __pwr_mgmt_data_load_end__ = __pwr_mgmt_data_end__
                0x00000001                        . = ASSERT (((__pwr_mgmt_data_start__ == __pwr_mgmt_data_end__) || ((__pwr_mgmt_data_end__ - __FLASH1_segment_start__) <= __FLASH1_segment_size__)), error: .pwr_mgmt_data is too large to fit in FLASH1 memory segment)
                0x0002b9f4                        __nrf_queue_load_start__ = ALIGN (__pwr_mgmt_data_end__, 0x4)

.nrf_queue      0x0002b9f4        0x0
                0x0002b9f4                        __nrf_queue_start__ = .
                0x0002b9f4                        __start_nrf_queue = __nrf_queue_start__
 *(.nrf_queue*)
                0x0002b9f4                        __nrf_queue_end__ = (__nrf_queue_start__ + SIZEOF (.nrf_queue))
                0x00000000                        __nrf_queue_size__ = SIZEOF (.nrf_queue)
                0x0002b9f4                        __stop_nrf_queue = __nrf_queue_end__
                0x0002b9f4                        __nrf_queue_load_end__ = __nrf_queue_end__
                0x00000001                        . = ASSERT (((__nrf_queue_start__ == __nrf_queue_end__) || ((__nrf_queue_end__ - __FLASH1_segment_start__) <= __FLASH1_segment_size__)), error: .nrf_queue is too large to fit in FLASH1 memory segment)
                0x0002b9f4                        __sdh_req_observers_load_start__ = ALIGN (__nrf_queue_end__, 0x4)

.sdh_req_observers
                0x0002b9f4        0x8
                0x0002b9f4                        __sdh_req_observers_start__ = .
                0x0002b9f4                        __start_sdh_req_observers = __sdh_req_observers_start__
 *(SORT_BY_NAME(.sdh_req_observers*))
 .sdh_req_observers0
                0x0002b9f4        0x8 Output/Debug/Obj/flash_fstorage_s140_pca10056/nrf_fstorage_sd.o
                0x0002b9f4                m_req_obs
                0x0002b9fc                        __sdh_req_observers_end__ = (__sdh_req_observers_start__ + SIZEOF (.sdh_req_observers))
                0x00000008                        __sdh_req_observers_size__ = SIZEOF (.sdh_req_observers)
                0x0002b9fc                        __stop_sdh_req_observers = __sdh_req_observers_end__
                0x0002b9fc                        __sdh_req_observers_load_end__ = __sdh_req_observers_end__
                0x00000001                        . = ASSERT (((__sdh_req_observers_start__ == __sdh_req_observers_end__) || ((__sdh_req_observers_end__ - __FLASH1_segment_start__) <= __FLASH1_segment_size__)), error: .sdh_req_observers is too large to fit in FLASH1 memory segment)
                0x0002b9fc                        __sdh_state_observers_load_start__ = ALIGN (__sdh_req_observers_end__, 0x4)

.sdh_state_observers
                0x0002b9fc        0x8
                0x0002b9fc                        __sdh_state_observers_start__ = .
                0x0002b9fc                        __start_sdh_state_observers = __sdh_state_observers_start__
 *(SORT_BY_NAME(.sdh_state_observers*))
 .sdh_state_observers0
                0x0002b9fc        0x8 Output/Debug/Obj/flash_fstorage_s140_pca10056/nrf_fstorage_sd.o
                0x0002ba04                        __sdh_state_observers_end__ = (__sdh_state_observers_start__ + SIZEOF (.sdh_state_observers))
                0x00000008                        __sdh_state_observers_size__ = SIZEOF (.sdh_state_observers)
                0x0002ba04                        __stop_sdh_state_observers = __sdh_state_observers_end__
                0x0002ba04                        __sdh_state_observers_load_end__ = __sdh_state_observers_end__
                0x00000001                        . = ASSERT (((__sdh_state_observers_start__ == __sdh_state_observers_end__) || ((__sdh_state_observers_end__ - __FLASH1_segment_start__) <= __FLASH1_segment_size__)), error: .sdh_state_observers is too large to fit in FLASH1 memory segment)
                0x0002ba04                        __sdh_stack_observers_load_start__ = ALIGN (__sdh_state_observers_end__, 0x4)

.sdh_stack_observers
                0x0002ba04       0x10
                0x0002ba04                        __sdh_stack_observers_start__ = .
                0x0002ba04                        __start_sdh_stack_observers = __sdh_stack_observers_start__
 *(SORT_BY_NAME(.sdh_stack_observers*))
 .sdh_stack_observers0
                0x0002ba04        0x8 Output/Debug/Obj/flash_fstorage_s140_pca10056/nrf_sdh_ble.o
 .sdh_stack_observers0
                0x0002ba0c        0x8 Output/Debug/Obj/flash_fstorage_s140_pca10056/nrf_sdh_soc.o
                0x0002ba14                        __sdh_stack_observers_end__ = (__sdh_stack_observers_start__ + SIZEOF (.sdh_stack_observers))
                0x00000010                        __sdh_stack_observers_size__ = SIZEOF (.sdh_stack_observers)
                0x0002ba14                        __stop_sdh_stack_observers = __sdh_stack_observers_end__
                0x0002ba14                        __sdh_stack_observers_load_end__ = __sdh_stack_observers_end__
                0x00000001                        . = ASSERT (((__sdh_stack_observers_start__ == __sdh_stack_observers_end__) || ((__sdh_stack_observers_end__ - __FLASH1_segment_start__) <= __FLASH1_segment_size__)), error: .sdh_stack_observers is too large to fit in FLASH1 memory segment)
                0x0002ba14                        __log_const_data_load_start__ = ALIGN (__sdh_stack_observers_end__, 0x4)

.log_const_data
                0x0002ba14        0x0
                0x0002ba14                        __log_const_data_start__ = .
                0x0002ba14                        __start_log_const_data = __log_const_data_start__
 *(SORT_BY_NAME(.log_const_data*))
                0x0002ba14                        __log_const_data_end__ = (__log_const_data_start__ + SIZEOF (.log_const_data))
                0x00000000                        __log_const_data_size__ = SIZEOF (.log_const_data)
                0x0002ba14                        __stop_log_const_data = __log_const_data_end__
                0x0002ba14                        __log_const_data_load_end__ = __log_const_data_end__
                0x00000001                        . = ASSERT (((__log_const_data_start__ == __log_const_data_end__) || ((__log_const_data_end__ - __FLASH1_segment_start__) <= __FLASH1_segment_size__)), error: .log_const_data is too large to fit in FLASH1 memory segment)
                0x0002ba14                        __sdh_soc_observers_load_start__ = ALIGN (__log_const_data_end__, 0x4)

.sdh_soc_observers
                0x0002ba14        0x8
                0x0002ba14                        __sdh_soc_observers_start__ = .
                0x0002ba14                        __start_sdh_soc_observers = __sdh_soc_observers_start__
 *(SORT_BY_NAME(.sdh_soc_observers*))
 .sdh_soc_observers0
                0x0002ba14        0x8 Output/Debug/Obj/flash_fstorage_s140_pca10056/nrf_fstorage_sd.o
                0x0002ba1c                        __sdh_soc_observers_end__ = (__sdh_soc_observers_start__ + SIZEOF (.sdh_soc_observers))
                0x00000008                        __sdh_soc_observers_size__ = SIZEOF (.sdh_soc_observers)
                0x0002ba1c                        __stop_sdh_soc_observers = __sdh_soc_observers_end__
                0x0002ba1c                        __sdh_soc_observers_load_end__ = __sdh_soc_observers_end__
                0x00000001                        . = ASSERT (((__sdh_soc_observers_start__ == __sdh_soc_observers_end__) || ((__sdh_soc_observers_end__ - __FLASH1_segment_start__) <= __FLASH1_segment_size__)), error: .sdh_soc_observers is too large to fit in FLASH1 memory segment)
                0x0002ba1c                        __log_backends_load_start__ = ALIGN (__sdh_soc_observers_end__, 0x4)

.log_backends   0x0002ba1c        0x0
                0x0002ba1c                        __log_backends_start__ = .
                0x0002ba1c                        __start_log_backends = __log_backends_start__
 *(SORT_BY_NAME(.log_backends*))
                0x0002ba1c                        __log_backends_end__ = (__log_backends_start__ + SIZEOF (.log_backends))
                0x00000000                        __log_backends_size__ = SIZEOF (.log_backends)
                0x0002ba1c                        __stop_log_backends = __log_backends_end__
                0x0002ba1c                        __log_backends_load_end__ = __log_backends_end__
                0x00000001                        . = ASSERT (((__log_backends_start__ == __log_backends_end__) || ((__log_backends_end__ - __FLASH1_segment_start__) <= __FLASH1_segment_size__)), error: .log_backends is too large to fit in FLASH1 memory segment)
                0x0002ba1c                        __nrf_balloc_load_start__ = ALIGN (__log_backends_end__, 0x4)

.nrf_balloc     0x0002ba1c        0x0
                0x0002ba1c                        __nrf_balloc_start__ = .
                0x0002ba1c                        __start_nrf_balloc = __nrf_balloc_start__
 *(.nrf_balloc*)
                0x0002ba1c                        __nrf_balloc_end__ = (__nrf_balloc_start__ + SIZEOF (.nrf_balloc))
                0x00000000                        __nrf_balloc_size__ = SIZEOF (.nrf_balloc)
                0x0002ba1c                        __stop_nrf_balloc = __nrf_balloc_end__
                0x0002ba1c                        __nrf_balloc_load_end__ = __nrf_balloc_end__
                0x00000001                        . = ASSERT (((__nrf_balloc_start__ == __nrf_balloc_end__) || ((__nrf_balloc_end__ - __FLASH1_segment_start__) <= __FLASH1_segment_size__)), error: .nrf_balloc is too large to fit in FLASH1 memory segment)
                0x0002ba1c                        __nrf_sections_load_start__ = ALIGN (__nrf_balloc_end__, 0x4)

.nrf_sections   0x0002ba1c        0x0
                0x0002ba1c                        __nrf_sections_start__ = .
                0x0002ba1c                        __start_nrf_sections = __nrf_sections_start__
 *(.nrf_sections .nrf_sections.*)
                0x0002ba1c                        __nrf_sections_end__ = (__nrf_sections_start__ + SIZEOF (.nrf_sections))
                0x00000000                        __nrf_sections_size__ = SIZEOF (.nrf_sections)
                0x0002ba1c                        __nrf_sections_load_end__ = __nrf_sections_end__
                0x00000001                        . = ASSERT (((__nrf_sections_start__ == __nrf_sections_end__) || ((__nrf_sections_end__ - __FLASH1_segment_start__) <= __FLASH1_segment_size__)), error: .nrf_sections is too large to fit in FLASH1 memory segment)
                0x0002ba1c                        __fs_data_load_start__ = ALIGN (__nrf_sections_end__, 0x4)

.fs_data        0x20002260       0x14 load address 0x0002ba1c
                0x20002260                        __fs_data_start__ = .
 *(.fs_data*)
 .fs_data       0x20002260       0x14 Output/Debug/Obj/flash_fstorage_s140_pca10056/main.o
                0x20002260                fstorage
                0x20002274                        __fs_data_end__ = (__fs_data_start__ + SIZEOF (.fs_data))
                0x00000014                        __fs_data_size__ = SIZEOF (.fs_data)
                0x0002ba30                        __fs_data_load_end__ = (__fs_data_load_start__ + SIZEOF (.fs_data))
                0x00000001                        . = ASSERT (((__fs_data_load_start__ == __fs_data_load_end__) || ((__fs_data_load_end__ - __FLASH1_segment_start__) <= __FLASH1_segment_size__)), error: .fs_data is too large to fit in FLASH1 memory segment)

.fs_data_run    0x20002260        0x0
                0x20002260                        __fs_data_run_start__ = .
                0x20002260                        __start_fs_data = __fs_data_run_start__
                0x20002274                        __fs_data_run_end__ = (__fs_data_run_start__ + SIZEOF (.fs_data))
                0x00000014                        __fs_data_run_size__ = (__fs_data_run_end__ - __fs_data_run_start__)
                0x20002274                        __stop_fs_data = __fs_data_run_end__
                0x20002274                        __fs_data_run_load_end__ = __fs_data_run_end__
                0x00000001                        . = ASSERT (((__fs_data_run_start__ == __fs_data_run_end__) || ((__fs_data_run_end__ - __RAM1_segment_start__) <= __RAM1_segment_size__)), error: .fs_data_run is too large to fit in RAM1 memory segment)
                0x0002ba30                        __cli_sorted_cmd_ptrs_load_start__ = ALIGN ((__fs_data_load_start__ + SIZEOF (.fs_data)), 0x4)

.cli_sorted_cmd_ptrs
                0x20002274       0x18 load address 0x0002ba30
                0x20002274                        __cli_sorted_cmd_ptrs_start__ = .
 *(.cli_sorted_cmd_ptrs*)
 .cli_sorted_cmd_ptrs
                0x20002274        0x4 Output/Debug/Obj/flash_fstorage_s140_pca10056/nrf_balloc.o
                0x20002274                balloc_str_ptr
 .cli_sorted_cmd_ptrs
                0x20002278       0x10 Output/Debug/Obj/flash_fstorage_s140_pca10056/nrf_cli.o
                0x20002278                clear_str_ptr
                0x2000227c                cli_str_ptr
                0x20002280                history_str_ptr
                0x20002284                resize_str_ptr
 .cli_sorted_cmd_ptrs
                0x20002288        0x4 Output/Debug/Obj/flash_fstorage_s140_pca10056/nrf_queue.o
                0x20002288                queue_str_ptr
                0x2000228c                        __cli_sorted_cmd_ptrs_end__ = (__cli_sorted_cmd_ptrs_start__ + SIZEOF (.cli_sorted_cmd_ptrs))
                0x00000018                        __cli_sorted_cmd_ptrs_size__ = SIZEOF (.cli_sorted_cmd_ptrs)
                0x0002ba48                        __cli_sorted_cmd_ptrs_load_end__ = (__cli_sorted_cmd_ptrs_load_start__ + SIZEOF (.cli_sorted_cmd_ptrs))
                0x00000001                        . = ASSERT (((__cli_sorted_cmd_ptrs_load_start__ == __cli_sorted_cmd_ptrs_load_end__) || ((__cli_sorted_cmd_ptrs_load_end__ - __FLASH1_segment_start__) <= __FLASH1_segment_size__)), error: .cli_sorted_cmd_ptrs is too large to fit in FLASH1 memory segment)

.cli_sorted_cmd_ptrs_run
                0x20002274        0x0
                0x20002274                        __cli_sorted_cmd_ptrs_run_start__ = .
                0x20002274                        __start_cli_sorted_cmd_ptrs = __cli_sorted_cmd_ptrs_run_start__
                0x2000228c                        __cli_sorted_cmd_ptrs_run_end__ = (__cli_sorted_cmd_ptrs_run_start__ + SIZEOF (.cli_sorted_cmd_ptrs))
                0x00000018                        __cli_sorted_cmd_ptrs_run_size__ = (__cli_sorted_cmd_ptrs_run_end__ - __cli_sorted_cmd_ptrs_run_start__)
                0x2000228c                        __stop_cli_sorted_cmd_ptrs = __cli_sorted_cmd_ptrs_run_end__
                0x2000228c                        __cli_sorted_cmd_ptrs_run_load_end__ = __cli_sorted_cmd_ptrs_run_end__
                0x00000001                        . = ASSERT (((__cli_sorted_cmd_ptrs_run_start__ == __cli_sorted_cmd_ptrs_run_end__) || ((__cli_sorted_cmd_ptrs_run_end__ - __RAM1_segment_start__) <= __RAM1_segment_size__)), error: .cli_sorted_cmd_ptrs_run is too large to fit in RAM1 memory segment)
                0x0002ba48                        __log_dynamic_data_load_start__ = ALIGN ((__cli_sorted_cmd_ptrs_load_start__ + SIZEOF (.cli_sorted_cmd_ptrs)), 0x4)

.log_dynamic_data
                0x2000228c        0x0 load address 0x0002ba48
                0x2000228c                        __log_dynamic_data_start__ = .
 *(SORT_BY_NAME(.log_dynamic_data*))
                0x2000228c                        __log_dynamic_data_end__ = (__log_dynamic_data_start__ + SIZEOF (.log_dynamic_data))
                0x00000000                        __log_dynamic_data_size__ = SIZEOF (.log_dynamic_data)
                0x0002ba48                        __log_dynamic_data_load_end__ = (__log_dynamic_data_load_start__ + SIZEOF (.log_dynamic_data))
                0x00000001                        . = ASSERT (((__log_dynamic_data_load_start__ == __log_dynamic_data_load_end__) || ((__log_dynamic_data_load_end__ - __FLASH1_segment_start__) <= __FLASH1_segment_size__)), error: .log_dynamic_data is too large to fit in FLASH1 memory segment)

.log_dynamic_data_run
                0x2000228c        0x0
                0x2000228c                        __log_dynamic_data_run_start__ = .
                0x2000228c                        __start_log_dynamic_data = __log_dynamic_data_run_start__
                0x2000228c                        __log_dynamic_data_run_end__ = (__log_dynamic_data_run_start__ + SIZEOF (.log_dynamic_data))
                0x00000000                        __log_dynamic_data_run_size__ = (__log_dynamic_data_run_end__ - __log_dynamic_data_run_start__)
                0x2000228c                        __stop_log_dynamic_data = __log_dynamic_data_run_end__
                0x2000228c                        __log_dynamic_data_run_load_end__ = __log_dynamic_data_run_end__
                0x00000001                        . = ASSERT (((__log_dynamic_data_run_start__ == __log_dynamic_data_run_end__) || ((__log_dynamic_data_run_end__ - __RAM1_segment_start__) <= __RAM1_segment_size__)), error: .log_dynamic_data_run is too large to fit in RAM1 memory segment)
                0x0002ba48                        __log_filter_data_load_start__ = ALIGN ((__log_dynamic_data_load_start__ + SIZEOF (.log_dynamic_data)), 0x4)

.log_filter_data
                0x2000228c        0x0 load address 0x0002ba48
                0x2000228c                        __log_filter_data_start__ = .
 *(SORT_BY_NAME(.log_filter_data*))
                0x2000228c                        __log_filter_data_end__ = (__log_filter_data_start__ + SIZEOF (.log_filter_data))
                0x00000000                        __log_filter_data_size__ = SIZEOF (.log_filter_data)
                0x0002ba48                        __log_filter_data_load_end__ = (__log_filter_data_load_start__ + SIZEOF (.log_filter_data))
                0x00000001                        . = ASSERT (((__log_filter_data_load_start__ == __log_filter_data_load_end__) || ((__log_filter_data_load_end__ - __FLASH1_segment_start__) <= __FLASH1_segment_size__)), error: .log_filter_data is too large to fit in FLASH1 memory segment)

.log_filter_data_run
                0x2000228c        0x0
                0x2000228c                        __log_filter_data_run_start__ = .
                0x2000228c                        __start_log_filter_data = __log_filter_data_run_start__
                0x2000228c                        __log_filter_data_run_end__ = (__log_filter_data_run_start__ + SIZEOF (.log_filter_data))
                0x00000000                        __log_filter_data_run_size__ = (__log_filter_data_run_end__ - __log_filter_data_run_start__)
                0x2000228c                        __stop_log_filter_data = __log_filter_data_run_end__
                0x2000228c                        __log_filter_data_run_load_end__ = __log_filter_data_run_end__
                0x00000001                        . = ASSERT (((__log_filter_data_run_start__ == __log_filter_data_run_end__) || ((__log_filter_data_run_end__ - __RAM1_segment_start__) <= __RAM1_segment_size__)), error: .log_filter_data_run is too large to fit in RAM1 memory segment)
                0x2000228c                        __nrf_sections_run_end_load_start__ = ALIGN (__log_filter_data_run_end__, 0x4)

.nrf_sections_run_end
                0x2000228c        0x0
                0x2000228c                        __nrf_sections_run_end_start__ = .
                0x2000228c                        __end_nrf_sections_run = __nrf_sections_run_end_start__
 *(.nrf_sections_run_end .nrf_sections_run_end.*)
                0x2000228c                        __nrf_sections_run_end_end__ = (__nrf_sections_run_end_start__ + SIZEOF (.nrf_sections_run_end))
                0x00000000                        __nrf_sections_run_end_size__ = SIZEOF (.nrf_sections_run_end)
                0x2000228c                        __nrf_sections_run_end_load_end__ = __nrf_sections_run_end_end__
                0x00000001                        . = ASSERT (((__nrf_sections_run_end_start__ == __nrf_sections_run_end_end__) || ((__nrf_sections_run_end_end__ - __RAM1_segment_start__) <= __RAM1_segment_size__)), error: .nrf_sections_run_end is too large to fit in RAM1 memory segment)
                0x0002ba48                        __dtors_load_start__ = ALIGN ((__log_filter_data_load_start__ + SIZEOF (.log_filter_data)), 0x4)

.dtors          0x0002ba48        0x0
                0x0002ba48                        __dtors_start__ = .
 *(SORT_BY_NAME(.dtors.*))
 *(.dtors)
 *(.fini_array)
 *(SORT_BY_NAME(.fini_array.*))
                0x0002ba48                        __dtors_end__ = (__dtors_start__ + SIZEOF (.dtors))
                0x00000000                        __dtors_size__ = SIZEOF (.dtors)
                0x0002ba48                        __dtors_load_end__ = __dtors_end__
                0x00000001                        . = ASSERT (((__dtors_start__ == __dtors_end__) || ((__dtors_end__ - __FLASH1_segment_start__) <= __FLASH1_segment_size__)), error: .dtors is too large to fit in FLASH1 memory segment)
                0x0002ba48                        __ctors_load_start__ = ALIGN (__dtors_end__, 0x4)

.ctors          0x0002ba48        0x0
                0x0002ba48                        __ctors_start__ = .
 *(SORT_BY_NAME(.ctors.*))
 *(.ctors)
 *(.init_array)
 *(SORT_BY_NAME(.init_array.*))
                0x0002ba48                        __ctors_end__ = (__ctors_start__ + SIZEOF (.ctors))
                0x00000000                        __ctors_size__ = SIZEOF (.ctors)
                0x0002ba48                        __ctors_load_end__ = __ctors_end__
                0x00000001                        . = ASSERT (((__ctors_start__ == __ctors_end__) || ((__ctors_end__ - __FLASH1_segment_start__) <= __FLASH1_segment_size__)), error: .ctors is too large to fit in FLASH1 memory segment)
                0x0002ba48                        __rodata_load_start__ = ALIGN (__ctors_end__, 0x4)

.rodata         0x0002ba48     0x1345
                0x0002ba48                        __rodata_start__ = .
 *(.rodata .rodata.* .gnu.linkonce.r.* .data.rel.ro .data.rel.ro.*)
 .rodata        0x0002ba48       0x70 Output/Debug/Obj/flash_fstorage_s140_pca10056/main.o
 .rodata        0x0002bab8       0x95 Output/Debug/Obj/flash_fstorage_s140_pca10056/boards.o
 *fill*         0x0002bb4d        0x3 
 .rodata.m_board_led_list
                0x0002bb50        0x4 Output/Debug/Obj/flash_fstorage_s140_pca10056/boards.o
 .rodata        0x0002bb54       0x72 Output/Debug/Obj/flash_fstorage_s140_pca10056/nrfx_prs.o
 *fill*         0x0002bbc6        0x2 
 .rodata        0x0002bbc8       0x78 Output/Debug/Obj/flash_fstorage_s140_pca10056/app_util_platform.o
 .rodata        0x0002bc40      0x1df Output/Debug/Obj/flash_fstorage_s140_pca10056/nrf_balloc.o
 *fill*         0x0002be1f        0x1 
 .rodata.nrf_balloc_commands_raw
                0x0002be20       0x20 Output/Debug/Obj/flash_fstorage_s140_pca10056/nrf_balloc.o
 .rodata.nrf_balloc_commands
                0x0002be40        0x8 Output/Debug/Obj/flash_fstorage_s140_pca10056/nrf_balloc.o
 .rodata.nrf_cli_balloc_raw
                0x0002be48       0x10 Output/Debug/Obj/flash_fstorage_s140_pca10056/nrf_balloc.o
                0x0002be48                nrf_cli_balloc_raw
 .rodata        0x0002be58      0x50b Output/Debug/Obj/flash_fstorage_s140_pca10056/nrf_cli.o
 *fill*         0x0002c363        0x1 
 .rodata.m_sub_colors_raw
                0x0002c364       0x30 Output/Debug/Obj/flash_fstorage_s140_pca10056/nrf_cli.o
 .rodata.m_sub_colors
                0x0002c394        0x8 Output/Debug/Obj/flash_fstorage_s140_pca10056/nrf_cli.o
 .rodata.m_sub_echo_raw
                0x0002c39c       0x30 Output/Debug/Obj/flash_fstorage_s140_pca10056/nrf_cli.o
 .rodata.m_sub_echo
                0x0002c3cc        0x8 Output/Debug/Obj/flash_fstorage_s140_pca10056/nrf_cli.o
 .rodata.m_sub_cli_stats_raw
                0x0002c3d4       0x30 Output/Debug/Obj/flash_fstorage_s140_pca10056/nrf_cli.o
 .rodata.m_sub_cli_stats
                0x0002c404        0x8 Output/Debug/Obj/flash_fstorage_s140_pca10056/nrf_cli.o
 .rodata.m_sub_cli_raw
                0x0002c40c       0x40 Output/Debug/Obj/flash_fstorage_s140_pca10056/nrf_cli.o
 .rodata.m_sub_cli
                0x0002c44c        0x8 Output/Debug/Obj/flash_fstorage_s140_pca10056/nrf_cli.o
 .rodata.m_sub_resize_raw
                0x0002c454       0x20 Output/Debug/Obj/flash_fstorage_s140_pca10056/nrf_cli.o
 .rodata.m_sub_resize
                0x0002c474        0x8 Output/Debug/Obj/flash_fstorage_s140_pca10056/nrf_cli.o
 .rodata.nrf_cli_clear_raw
                0x0002c47c       0x10 Output/Debug/Obj/flash_fstorage_s140_pca10056/nrf_cli.o
                0x0002c47c                nrf_cli_clear_raw
 .rodata.nrf_cli_cli_raw
                0x0002c48c       0x10 Output/Debug/Obj/flash_fstorage_s140_pca10056/nrf_cli.o
                0x0002c48c                nrf_cli_cli_raw
 .rodata.nrf_cli_history_raw
                0x0002c49c       0x10 Output/Debug/Obj/flash_fstorage_s140_pca10056/nrf_cli.o
                0x0002c49c                nrf_cli_history_raw
 .rodata.nrf_cli_resize_raw
                0x0002c4ac       0x10 Output/Debug/Obj/flash_fstorage_s140_pca10056/nrf_cli.o
                0x0002c4ac                nrf_cli_resize_raw
 .rodata.cmd_get_terminal_size.15
                0x0002c4bc        0x5 Output/Debug/Obj/flash_fstorage_s140_pca10056/nrf_cli.o
 *fill*         0x0002c4c1        0xf 
 .rodata.delay_machine_code.14
                0x0002c4d0        0x6 Output/Debug/Obj/flash_fstorage_s140_pca10056/nrf_cli.o
 *fill*         0x0002c4d6        0x2 
 .rodata.cmd.13
                0x0002c4d8        0x4 Output/Debug/Obj/flash_fstorage_s140_pca10056/nrf_cli.o
 .rodata.help.6
                0x0002c4dc        0xb Output/Debug/Obj/flash_fstorage_s140_pca10056/nrf_cli.o
 *fill*         0x0002c4e7        0x1 
 .rodata.opt_sep.5
                0x0002c4e8        0x3 Output/Debug/Obj/flash_fstorage_s140_pca10056/nrf_cli.o
 *fill*         0x0002c4eb        0x1 
 .rodata.cmd_sep.4
                0x0002c4ec        0x4 Output/Debug/Obj/flash_fstorage_s140_pca10056/nrf_cli.o
 .rodata.tab_len.3
                0x0002c4f0        0x1 Output/Debug/Obj/flash_fstorage_s140_pca10056/nrf_cli.o
 *fill*         0x0002c4f1        0x3 
 .rodata.cmd.2  0x0002c4f4        0x4 Output/Debug/Obj/flash_fstorage_s140_pca10056/nrf_cli.o
 .rodata.cmd.1  0x0002c4f8        0x5 Output/Debug/Obj/flash_fstorage_s140_pca10056/nrf_cli.o
 *fill*         0x0002c4fd        0x3 
 .rodata.cmd.0  0x0002c500        0x6 Output/Debug/Obj/flash_fstorage_s140_pca10056/nrf_cli.o
 *fill*         0x0002c506        0x2 
 .rodata        0x0002c508       0x69 Output/Debug/Obj/flash_fstorage_s140_pca10056/nrf_fprintf.o
 *fill*         0x0002c571        0x3 
 .rodata        0x0002c574       0x70 Output/Debug/Obj/flash_fstorage_s140_pca10056/nrf_fprintf_format.o
 .rodata._aV2C.0
                0x0002c5e4       0x10 Output/Debug/Obj/flash_fstorage_s140_pca10056/nrf_fprintf_format.o
 .rodata.m_flash_info
                0x0002c5f4        0xc Output/Debug/Obj/flash_fstorage_s140_pca10056/nrf_fstorage_sd.o
 .rodata.nrf_fstorage_sd
                0x0002c600       0x20 Output/Debug/Obj/flash_fstorage_s140_pca10056/nrf_fstorage_sd.o
                0x0002c600                nrf_fstorage_sd
 .rodata        0x0002c620       0x73 Output/Debug/Obj/flash_fstorage_s140_pca10056/nrf_memobj.o
 *fill*         0x0002c693        0x1 
 .rodata        0x0002c694      0x16d Output/Debug/Obj/flash_fstorage_s140_pca10056/nrf_queue.o
 *fill*         0x0002c801        0x3 
 .rodata.nrf_queue_commands_raw
                0x0002c804       0x20 Output/Debug/Obj/flash_fstorage_s140_pca10056/nrf_queue.o
 .rodata.nrf_queue_commands
                0x0002c824        0x8 Output/Debug/Obj/flash_fstorage_s140_pca10056/nrf_queue.o
 .rodata.nrf_cli_queue_raw
                0x0002c82c       0x10 Output/Debug/Obj/flash_fstorage_s140_pca10056/nrf_queue.o
                0x0002c82c                nrf_cli_queue_raw
 .rodata.full_queue_indicator.0
                0x0002c83c        0x1 Output/Debug/Obj/flash_fstorage_s140_pca10056/nrf_queue.o
 *fill*         0x0002c83d        0x3 
 .rodata        0x0002c840       0x8c Output/Debug/Obj/flash_fstorage_s140_pca10056/nrf_section_iter.o
 .rodata        0x0002c8cc       0xcc Output/Debug/Obj/flash_fstorage_s140_pca10056/nrf_sdh.o
 .rodata.sdh_req_observers
                0x0002c998        0xc Output/Debug/Obj/flash_fstorage_s140_pca10056/nrf_sdh.o
 .rodata.sdh_state_observers
                0x0002c9a4        0xc Output/Debug/Obj/flash_fstorage_s140_pca10056/nrf_sdh.o
 .rodata.sdh_stack_observers
                0x0002c9b0        0xc Output/Debug/Obj/flash_fstorage_s140_pca10056/nrf_sdh.o
 .rodata        0x0002c9bc       0xc9 Output/Debug/Obj/flash_fstorage_s140_pca10056/nrf_sdh_ble.o
 *fill*         0x0002ca85        0x3 
 .rodata.sdh_ble_observers
                0x0002ca88        0xc Output/Debug/Obj/flash_fstorage_s140_pca10056/nrf_sdh_ble.o
 .rodata        0x0002ca94       0xc9 Output/Debug/Obj/flash_fstorage_s140_pca10056/nrf_sdh_soc.o
 *fill*         0x0002cb5d        0x3 
 .rodata.sdh_soc_observers
                0x0002cb60        0xc Output/Debug/Obj/flash_fstorage_s140_pca10056/nrf_sdh_soc.o
 .rodata.libc.__SEGGER_RTL_c_locale
                0x0002cb6c        0xc C:/Program Files/SEGGER/SEGGER Embedded Studio 8.24/lib/mbops_timeops_v7em_fpv4_sp_d16_hard_t_le_eabi_balanced.a(mbops.o)
                0x0002cb6c                __SEGGER_RTL_c_locale
 .rodata.libc.__SEGGER_RTL_c_locale_day_names
                0x0002cb78       0x3a C:/Program Files/SEGGER/SEGGER Embedded Studio 8.24/lib/mbops_timeops_v7em_fpv4_sp_d16_hard_t_le_eabi_balanced.a(mbops.o)
                0x0002cb78                __SEGGER_RTL_c_locale_day_names
 .rodata.libc.__SEGGER_RTL_c_locale_month_names
                0x0002cbb2       0x57 C:/Program Files/SEGGER/SEGGER Embedded Studio 8.24/lib/mbops_timeops_v7em_fpv4_sp_d16_hard_t_le_eabi_balanced.a(mbops.o)
                0x0002cbb2                __SEGGER_RTL_c_locale_month_names
 .rodata.libc.__SEGGER_RTL_c_locale_am_pm_indicator
                0x0002cc09        0x7 C:/Program Files/SEGGER/SEGGER Embedded Studio 8.24/lib/mbops_timeops_v7em_fpv4_sp_d16_hard_t_le_eabi_balanced.a(mbops.o)
                0x0002cc09                __SEGGER_RTL_c_locale_am_pm_indicator
 .rodata.libc.__SEGGER_RTL_c_locale_date_format
                0x0002cc10        0x9 C:/Program Files/SEGGER/SEGGER Embedded Studio 8.24/lib/mbops_timeops_v7em_fpv4_sp_d16_hard_t_le_eabi_balanced.a(mbops.o)
                0x0002cc10                __SEGGER_RTL_c_locale_date_format
 .rodata.libc.__SEGGER_RTL_c_locale_time_format
                0x0002cc19        0x9 C:/Program Files/SEGGER/SEGGER Embedded Studio 8.24/lib/mbops_timeops_v7em_fpv4_sp_d16_hard_t_le_eabi_balanced.a(mbops.o)
                0x0002cc19                __SEGGER_RTL_c_locale_time_format
 .rodata.libc.__SEGGER_RTL_c_locale_date_time_format
                0x0002cc22        0xf C:/Program Files/SEGGER/SEGGER Embedded Studio 8.24/lib/mbops_timeops_v7em_fpv4_sp_d16_hard_t_le_eabi_balanced.a(mbops.o)
                0x0002cc22                __SEGGER_RTL_c_locale_date_time_format
 .rodata.libc..L.str
                0x0002cc31        0x2 C:/Program Files/SEGGER/SEGGER Embedded Studio 8.24/lib/mbops_timeops_v7em_fpv4_sp_d16_hard_t_le_eabi_balanced.a(mbops.o)
 *fill*         0x0002cc33        0x1 
 .rodata.libc.__SEGGER_RTL_codeset_ascii
                0x0002cc34       0x20 C:/Program Files/SEGGER/SEGGER Embedded Studio 8.24/lib/mbops_timeops_v7em_fpv4_sp_d16_hard_t_le_eabi_balanced.a(mbops.o)
                0x0002cc34                __SEGGER_RTL_codeset_ascii
 .rodata.libc.__SEGGER_RTL_c_locale_abbrev_day_names
                0x0002cc54       0x1d C:/Program Files/SEGGER/SEGGER Embedded Studio 8.24/lib/mbops_timeops_v7em_fpv4_sp_d16_hard_t_le_eabi_balanced.a(mbops.o)
                0x0002cc54                __SEGGER_RTL_c_locale_abbrev_day_names
 .rodata.libc.__SEGGER_RTL_c_locale_abbrev_month_names
                0x0002cc71       0x31 C:/Program Files/SEGGER/SEGGER Embedded Studio 8.24/lib/mbops_timeops_v7em_fpv4_sp_d16_hard_t_le_eabi_balanced.a(mbops.o)
                0x0002cc71                __SEGGER_RTL_c_locale_abbrev_month_names
 .rodata.libc.__SEGGER_RTL_data_utf8_period
                0x0002cca2        0x2 C:/Program Files/SEGGER/SEGGER Embedded Studio 8.24/lib/mbops_timeops_v7em_fpv4_sp_d16_hard_t_le_eabi_balanced.a(mbops.o)
                0x0002cca2                __SEGGER_RTL_data_utf8_period
 .rodata.libc.__SEGGER_RTL_data_empty_string
                0x0002cca4        0x1 C:/Program Files/SEGGER/SEGGER Embedded Studio 8.24/lib/mbops_timeops_v7em_fpv4_sp_d16_hard_t_le_eabi_balanced.a(mbops.o)
                0x0002cca4                __SEGGER_RTL_data_empty_string
 *fill*         0x0002cca5        0x3 
 .rodata.libc.__SEGGER_RTL_c_locale_data
                0x0002cca8       0x58 C:/Program Files/SEGGER/SEGGER Embedded Studio 8.24/lib/mbops_timeops_v7em_fpv4_sp_d16_hard_t_le_eabi_balanced.a(mbops.o)
                0x0002cca8                __SEGGER_RTL_c_locale_data
 .rodata.libc.__SEGGER_RTL_ascii_ctype_map
                0x0002cd00       0x80 C:/Program Files/SEGGER/SEGGER Embedded Studio 8.24/lib/mbops_timeops_v7em_fpv4_sp_d16_hard_t_le_eabi_balanced.a(mbops.o)
 .rodata.libc.__SEGGER_RTL_ascii_ctype_mask
                0x0002cd80        0xd C:/Program Files/SEGGER/SEGGER Embedded Studio 8.24/lib/mbops_timeops_v7em_fpv4_sp_d16_hard_t_le_eabi_balanced.a(mbops.o)
                0x0002cd8d                        __rodata_end__ = (__rodata_start__ + SIZEOF (.rodata))
                0x00001345                        __rodata_size__ = SIZEOF (.rodata)
                0x0002cd8d                        __rodata_load_end__ = __rodata_end__

.rel.dyn        0x0002cd90        0x0
 .rel.iplt      0x0002cd90        0x0 Output/Debug/Obj/flash_fstorage_s140_pca10056/main.o
                0x00000001                        . = ASSERT (((__rodata_start__ == __rodata_end__) || ((__rodata_end__ - __FLASH1_segment_start__) <= __FLASH1_segment_size__)), error: .rodata is too large to fit in FLASH1 memory segment)
                0x0002cd90                        __ARM.exidx_load_start__ = ALIGN (__rodata_end__, 0x4)

.ARM.exidx      0x0002cd90        0x0
                0x0002cd90                        __ARM.exidx_start__ = .
                0x0002cd90                        __exidx_start = __ARM.exidx_start__
 *(.ARM.exidx .ARM.exidx.*)
                0x0002cd90                        __ARM.exidx_end__ = (__ARM.exidx_start__ + SIZEOF (.ARM.exidx))
                0x00000000                        __ARM.exidx_size__ = SIZEOF (.ARM.exidx)
                0x0002cd90                        __exidx_end = __ARM.exidx_end__
                0x0002cd90                        __ARM.exidx_load_end__ = __ARM.exidx_end__
                0x00000001                        . = ASSERT (((__ARM.exidx_start__ == __ARM.exidx_end__) || ((__ARM.exidx_end__ - __FLASH1_segment_start__) <= __FLASH1_segment_size__)), error: .ARM.exidx is too large to fit in FLASH1 memory segment)
                0x0002cd90                        __fast_load_start__ = ALIGN (__ARM.exidx_end__, 0x4)

.fast           0x2000228c        0x0 load address 0x0002cd90
                0x2000228c                        __fast_start__ = .
 *(.fast .fast.*)
                0x2000228c                        __fast_end__ = (__fast_start__ + SIZEOF (.fast))
                0x00000000                        __fast_size__ = SIZEOF (.fast)
                0x0002cd90                        __fast_load_end__ = (__fast_load_start__ + SIZEOF (.fast))
                0x00000001                        . = ASSERT (((__fast_load_start__ == __fast_load_end__) || ((__fast_load_end__ - __FLASH1_segment_start__) <= __FLASH1_segment_size__)), error: .fast is too large to fit in FLASH1 memory segment)

.fast_run       0x2000228c        0x0
                0x2000228c                        __fast_run_start__ = .
                0x2000228c                        __fast_run_end__ = (__fast_run_start__ + SIZEOF (.fast))
                0x00000000                        __fast_run_size__ = (__fast_run_end__ - __fast_run_start__)
                0x2000228c                        __fast_run_load_end__ = __fast_run_end__
                0x00000001                        . = ASSERT (((__fast_run_start__ == __fast_run_end__) || ((__fast_run_end__ - __RAM1_segment_start__) <= __RAM1_segment_size__)), error: .fast_run is too large to fit in RAM1 memory segment)
                0x0002cd90                        __data_load_start__ = ALIGN ((__fast_load_start__ + SIZEOF (.fast)), 0x4)

.data           0x2000228c       0x24 load address 0x0002cd90
                0x2000228c                        __data_start__ = .
 *(.data .data.* .gnu.linkonce.d.*)
 .data.thres_def_data
                0x2000228c        0xc Output/Debug/Obj/flash_fstorage_s140_pca10056/main.o
 .data.SystemCoreClock
                0x20002298        0x4 Output/Debug/Obj/flash_fstorage_s140_pca10056/system_nrf52840.o
                0x20002298                SystemCoreClock
 .data.libc.__SEGGER_RTL_global_locale
                0x2000229c       0x14 C:/Program Files/SEGGER/SEGGER Embedded Studio 8.24/lib/mbops_timeops_v7em_fpv4_sp_d16_hard_t_le_eabi_balanced.a(mbops.o)
                0x2000229c                __SEGGER_RTL_global_locale
                0x2000229c                __RAL_global_locale
                0x200022b0                        __data_end__ = (__data_start__ + SIZEOF (.data))
                0x00000024                        __data_size__ = SIZEOF (.data)
                0x0002cdb4                        __data_load_end__ = (__data_load_start__ + SIZEOF (.data))

.igot.plt       0x00000000        0x0
 .igot.plt      0x00000000        0x0 Output/Debug/Obj/flash_fstorage_s140_pca10056/main.o
                0x00000001                        . = ASSERT (((__data_load_start__ == __data_load_end__) || ((__data_load_end__ - __FLASH1_segment_start__) <= __FLASH1_segment_size__)), error: .data is too large to fit in FLASH1 memory segment)

.data_run       0x2000228c        0x0
                0x2000228c                        __data_run_start__ = .
                0x200022b0                        __data_run_end__ = (__data_run_start__ + SIZEOF (.data))
                0x00000024                        __data_run_size__ = (__data_run_end__ - __data_run_start__)
                0x200022b0                        __data_run_load_end__ = __data_run_end__
                0x00000001                        . = ASSERT (((__data_run_start__ == __data_run_end__) || ((__data_run_end__ - __RAM1_segment_start__) <= __RAM1_segment_size__)), error: .data_run is too large to fit in RAM1 memory segment)
                0x0002cdb4                        __tdata_load_start__ = ALIGN ((__data_load_start__ + SIZEOF (.data)), 0x4)

.tdata          0x200022b0        0x0 load address 0x0002cdb4
                0x200022b0                        __tdata_start__ = .
 *(.tdata .tdata.*)
                0x200022b0                        __tdata_end__ = (__tdata_start__ + SIZEOF (.tdata))
                0x00000000                        __tdata_size__ = SIZEOF (.tdata)
                0x0002cdb4                        __tdata_load_end__ = (__tdata_load_start__ + SIZEOF (.tdata))
                0x0002cdb4                        __FLASH1_segment_used_end__ = (ALIGN ((__data_load_start__ + SIZEOF (.data)), 0x4) + SIZEOF (.tdata))
                0x0002cdb4                        __FLASH1_segment_used_size__ = (__FLASH1_segment_used_end__ - __FLASH1_segment_start__)
                0x00000001                        . = ASSERT (((__tdata_load_start__ == __tdata_load_end__) || ((__tdata_load_end__ - __FLASH1_segment_start__) <= __FLASH1_segment_size__)), error: .tdata is too large to fit in FLASH1 memory segment)

.tdata_run      0x200022b0        0x0
                0x200022b0                        __tdata_run_start__ = .
                0x200022b0                        __tdata_run_end__ = (__tdata_run_start__ + SIZEOF (.tdata))
                0x00000000                        __tdata_run_size__ = (__tdata_run_end__ - __tdata_run_start__)
                0x200022b0                        __tdata_run_load_end__ = __tdata_run_end__
                0x00000001                        . = ASSERT (((__tdata_run_start__ == __tdata_run_end__) || ((__tdata_run_end__ - __RAM1_segment_start__) <= __RAM1_segment_size__)), error: .tdata_run is too large to fit in RAM1 memory segment)
                0x200022b0                        __bss_load_start__ = ALIGN (__tdata_run_end__, 0x4)

.bss            0x200022b0      0x104
                0x200022b0                        __bss_start__ = .
 *(.bss .bss.* .gnu.linkonce.b.*)
 .bss.m_prs_box_4
                0x200022b0        0x8 Output/Debug/Obj/flash_fstorage_s140_pca10056/nrfx_prs.o
 .bss.m_error_data.0
                0x200022b8       0x20 Output/Debug/Obj/flash_fstorage_s140_pca10056/app_error.o
 .bss.nrf_nvic_state
                0x200022d8        0xc Output/Debug/Obj/flash_fstorage_s140_pca10056/app_util_platform.o
                0x200022d8                nrf_nvic_state
 .bss.m_handlers
                0x200022e4        0x4 Output/Debug/Obj/flash_fstorage_s140_pca10056/drv_rtc.o
 .bss.m_cb      0x200022e8        0x8 Output/Debug/Obj/flash_fstorage_s140_pca10056/drv_rtc.o
 .bss.m_fifo_data
                0x200022f0       0x8c Output/Debug/Obj/flash_fstorage_s140_pca10056/nrf_fstorage_sd.o
 .bss.m_fifo_inst
                0x2000237c       0x10 Output/Debug/Obj/flash_fstorage_s140_pca10056/nrf_fstorage_sd.o
 .bss.m_flags   0x2000238c       0x14 Output/Debug/Obj/flash_fstorage_s140_pca10056/nrf_fstorage_sd.o
 .bss.m_p_cur_op
                0x200023a0        0x4 Output/Debug/Obj/flash_fstorage_s140_pca10056/nrf_fstorage_sd.o
 .bss.m_iget_ctx
                0x200023a4        0x4 Output/Debug/Obj/flash_fstorage_s140_pca10056/nrf_fstorage_sd.o
 .bss.m_nrf_sdh_enabled
                0x200023a8        0x1 Output/Debug/Obj/flash_fstorage_s140_pca10056/nrf_sdh.o
 .bss.m_nrf_sdh_suspended
                0x200023a9        0x1 Output/Debug/Obj/flash_fstorage_s140_pca10056/nrf_sdh.o
 .bss.m_nrf_sdh_continue
                0x200023aa        0x1 Output/Debug/Obj/flash_fstorage_s140_pca10056/nrf_sdh.o
 .bss.m_stack_is_enabled
                0x200023ab        0x1 Output/Debug/Obj/flash_fstorage_s140_pca10056/nrf_sdh_ble.o
 .bss.libc.__SEGGER_RTL_heap_globals.0
                0x200023ac        0x4 C:/Program Files/SEGGER/SEGGER Embedded Studio 8.24/lib/heapops_basic_v7em_fpv4_sp_d16_hard_t_le_eabi_balanced.a(heapops_basic.o)
 .bss.libc.__SEGGER_RTL_locale_ptr
                0x200023b0        0x4 C:/Program Files/SEGGER/SEGGER Embedded Studio 8.24/lib/mbops_timeops_v7em_fpv4_sp_d16_hard_t_le_eabi_balanced.a(mbops.o)
                0x200023b0                __SEGGER_RTL_locale_ptr
 *(COMMON)
                0x200023b4                        __bss_end__ = (__bss_start__ + SIZEOF (.bss))
                0x00000104                        __bss_size__ = SIZEOF (.bss)
                0x200023b4                        __bss_load_end__ = __bss_end__
                0x00000001                        . = ASSERT (((__bss_start__ == __bss_end__) || ((__bss_end__ - __RAM1_segment_start__) <= __RAM1_segment_size__)), error: .bss is too large to fit in RAM1 memory segment)
                0x200023b4                        __tbss_load_start__ = ALIGN (__bss_end__, 0x4)

.tbss           0x200023b4        0x0
                0x200023b4                        __tbss_start__ = .
 *(.tbss .tbss.*)
                0x200023b4                        __tbss_end__ = (__tbss_start__ + SIZEOF (.tbss))
                0x00000000                        __tbss_size__ = SIZEOF (.tbss)
                0x200023b4                        __tbss_load_end__ = __tbss_end__
                0x00000001                        . = ASSERT (((__tbss_start__ == __tbss_end__) || ((__tbss_end__ - __RAM1_segment_start__) <= __RAM1_segment_size__)), error: .tbss is too large to fit in RAM1 memory segment)
                0x200023b4                        __non_init_load_start__ = ALIGN (__tbss_end__, 0x4)

.non_init       0x200023b4        0x0
                0x200023b4                        __non_init_start__ = .
 *(.non_init .non_init.*)
                0x200023b4                        __non_init_end__ = (__non_init_start__ + SIZEOF (.non_init))
                0x00000000                        __non_init_size__ = SIZEOF (.non_init)
                0x200023b4                        __non_init_load_end__ = __non_init_end__
                0x00000001                        . = ASSERT (((__non_init_start__ == __non_init_end__) || ((__non_init_end__ - __RAM1_segment_start__) <= __RAM1_segment_size__)), error: .non_init is too large to fit in RAM1 memory segment)
                0x200023b4                        __heap_load_start__ = ALIGN (__non_init_end__, 0x4)

.heap           0x200023b4     0x2000
                0x200023b4                        __heap_start__ = .
 *(.heap .heap.*)
                0x200043b4                        . = ALIGN (MAX ((__heap_start__ + __HEAPSIZE__), .), 0x4)
 *fill*         0x200023b4     0x2000 
                0x200043b4                        __heap_end__ = (__heap_start__ + SIZEOF (.heap))
                0x00002000                        __heap_size__ = SIZEOF (.heap)
                0x200043b4                        __heap_load_end__ = __heap_end__
                0x00000001                        . = ASSERT (((__heap_start__ == __heap_end__) || ((__heap_end__ - __RAM1_segment_start__) <= __RAM1_segment_size__)), error: .heap is too large to fit in RAM1 memory segment)
                0x00000001                        . = ASSERT ((__HEAPSIZE__ == ALIGN (__HEAPSIZE__, 0x4)), error: .heap section size does not match alignment)
                0x00000001                        . = ASSERT ((__heap_size__ <= __HEAPSIZE__), error: .heap section is larger than specified size)
                0x2003e000                        __stack_load_start__ = (__RAM1_segment_start__ + (__RAM1_segment_size__ - 0x2000))

.stack          0x2003e000     0x2000
                0x2003e000                        __stack_start__ = .
                0x2003e000                        __StackLimit = __stack_start__
 *(.stack .stack.*)
                0x20040000                        . = ALIGN (MAX ((__stack_start__ + __STACKSIZE__), .), 0x8)
 *fill*         0x2003e000     0x2000 
                0x20040000                        __stack_end__ = (__stack_start__ + SIZEOF (.stack))
                0x00002000                        __stack_size__ = SIZEOF (.stack)
                0x20040000                        __StackTop = __stack_end__
                0x20040000                        __stack_load_end__ = __stack_end__
                0x00000001                        . = ASSERT (((__stack_start__ == __stack_end__) || ((__stack_end__ - __RAM1_segment_start__) <= __RAM1_segment_size__)), error: .stack is too large to fit in RAM1 memory segment)
                0x00000001                        . = ASSERT ((__heap_end__ <= __stack_start__), error: section .heap overlaps absolute placed section .stack)
                0x00000001                        . = ASSERT ((__STACKSIZE__ == ALIGN (__STACKSIZE__, 0x8)), error: .stack section size does not match alignment)